******************************************************************************
                  TI ARM Linker PC v18.1.3                     
******************************************************************************
>> Linked Wed Oct 17 10:17:32 2018

OUTPUT FILE NAME:   <EGR226-902_Tuuk_Speet_MidtermProject.out>
ENTRY POINT SYMBOL: "_c_int00_noargs"  address: 000034e9


MEMORY CONFIGURATION

         name            origin    length      used     unused   attr    fill
----------------------  --------  ---------  --------  --------  ----  --------
  MAIN                  00000000   00040000  00003a27  0003c5d9  R  X
  INFO                  00200000   00004000  00000000  00004000  R  X
  SRAM_CODE             01000000   00010000  000009c8  0000f638  RW X
  SRAM_DATA             20000000   00010000  000009c8  0000f638  RW  


SEGMENT ALLOCATION MAP

run origin  load origin   length   init length attrs members
----------  ----------- ---------- ----------- ----- -------
00000000    00000000    00003a28   00003a28    r-x
  00000000    00000000    000000e4   000000e4    r-- .intvecs
  000000e4    000000e4    00003718   00003718    r-x .text
  000037fc    000037fc    00000193   00000193    r-- .const
  00003990    00003990    00000098   00000098    r-- .cinit
20000000    20000000    000007c8   00000000    rw-
  20000000    20000000    00000400   00000000    rw- .sysmem
  20000400    20000400    000001f0   00000000    rw- .data
  200005f0    200005f0    000001d8   00000000    rw- .bss
2000fe00    2000fe00    00000200   00000000    rw-
  2000fe00    2000fe00    00000200   00000000    rw- .stack


SECTION ALLOCATION MAP

 output                                  attributes/
section   page    origin      length       input sections
--------  ----  ----------  ----------   ----------------
.intvecs   0    00000000    000000e4     
                  00000000    000000e4     startup_msp432p401r_ccs.obj (.intvecs:retain)

.text      0    000000e4    00003718     
                  000000e4    00000a9c     main.obj (.text)
                  00000b80    00000a5e     rtsv7M4_T_le_v4SPD16_eabi.lib : _printfi.c.obj (.text:__TI_printfi)
                  000015de    00000002                                   : _lock.c.obj (.text:_nop)
                  000015e0    00000334     system_msp432p401r.obj (.text)
                  00001914    00000270     rtsv7M4_T_le_v4SPD16_eabi.lib : _printfi.c.obj (.text:_pconv_a)
                  00001b84    000001d0                                   : _printfi.c.obj (.text:_pconv_g)
                  00001d54    000001b6                                   : fd_add_t2.asm.obj (.text)
                  00001f0a    00000002                                   : div0.asm.obj (.text)
                  00001f0c    0000013c                                   : _printfi.c.obj (.text:_pconv_e)
                  00002048    00000136                                   : fd_div_t2.asm.obj (.text)
                  0000217e    00000002     --HOLE-- [fill = 0]
                  00002180    00000120                                   : _printfi.c.obj (.text:fcvt)
                  000022a0    00000114                                   : fputs.c.obj (.text:fputs)
                  000023b4    00000110                                   : s_scalbn.c.obj (.text:scalbn)
                  000024c4    000000fc                                   : fd_mul_t2.asm.obj (.text)
                  000025c0    000000dc                                   : setvbuf.c.obj (.text:setvbuf)
                  0000269c    000000d8                                   : memory.c.obj (.text:free)
                  00002774    000000b1                                   : _printfi.c.obj (.text:_ltostr)
                  00002825    00000001     --HOLE-- [fill = 0]
                  00002826    0000009c                                   : memcpy_t2.asm.obj (.text)
                  000028c2    00000096                                   : ull_div_t2.asm.obj (.text)
                  00002958    0000008c                                   : fputc.c.obj (.text:fputc)
                  000029e4    00000086                                   : fd_cmp_t2.asm.obj (.text:__aeabi_cdcmple)
                  00002a6a    00000086                                   : fd_cmp_t2.asm.obj (.text:__aeabi_cdrcmple)
                  00002af0    0000007a                                   : memset_t2.asm.obj (.text)
                  00002b6a    00000002     --HOLE-- [fill = 0]
                  00002b6c    00000078                                   : memory.c.obj (.text:malloc)
                  00002be4    00000074                                   : fclose.c.obj (.text:__TI_closefile)
                  00002c58    0000006e                                   : _printfi.c.obj (.text:_mcpy)
                  00002cc6    00000002     --HOLE-- [fill = 0]
                  00002cc8    00000068                                   : hostlseek.c.obj (.text:HOSTlseek)
                  00002d30    00000068                                   : hostrename.c.obj (.text:HOSTrename)
                  00002d98    00000068                                   : copy_decompress_lzss.c.obj (.text:decompress:lzss:__TI_decompress_lzss)
                  00002e00    00000068                                   : printf.c.obj (.text:printf)
                  00002e68    00000064                                   : s_frexp.c.obj (.text:frexp)
                  00002ecc    00000064                                   : fseek.c.obj (.text:fseek)
                  00002f30    00000062                                   : _io_perm.c.obj (.text:__TI_wrt_ok)
                  00002f92    00000002     --HOLE-- [fill = 0]
                  00002f94    00000060                                   : hostopen.c.obj (.text:HOSTopen)
                  00002ff4    0000005c                                   : close.c.obj (.text:close)
                  00003050    00000058                                   : hostread.c.obj (.text:HOSTread)
                  000030a8    00000058                                   : hostwrite.c.obj (.text:HOSTwrite)
                  00003100    00000056                                   : _printfi.c.obj (.text:_pconv_f)
                  00003156    00000054                                   : ltoa.c.obj (.text:ltoa)
                  000031aa    00000052                                   : _printfi.c.obj (.text:_ecpy)
                  000031fc    0000004c                                   : fflush.c.obj (.text:__TI_doflush)
                  00003248    0000004c                                   : atoi.c.obj (.text:atoi)
                  00003294    00000048                                   : exit.c.obj (.text:exit)
                  000032dc    00000048                                   : fd_toi_t2.asm.obj (.text)
                  00003324    00000044                                   : hostclose.c.obj (.text:HOSTclose)
                  00003368    00000044                                   : hostunlink.c.obj (.text:HOSTunlink)
                  000033ac    00000044                                   : autoinit.c.obj (.text:__TI_auto_init_nobinit_nopinit:__TI_auto_init_nobinit_nopinit)
                  000033f0    00000044                                   : getdevice.c.obj (.text:getdevice)
                  00003434    0000003e                                   : _printfi.c.obj (.text:_fcpy)
                  00003472    00000002     --HOLE-- [fill = 0]
                  00003474    0000003c                                   : memory.c.obj (.text:minsert)
                  000034b0    00000038                                   : trgmsg.c.obj (.text:__TI_writemsg)
                  000034e8    00000038                                   : boot_cortex_m.c.obj (.text:_c_int00_noargs:_c_int00_noargs)
                  00003520    00000038                                   : memory.c.obj (.text:minit)
                  00003558    00000036                                   : strncpy.c.obj (.text:strncpy)
                  0000358e    00000002     --HOLE-- [fill = 0]
                  00003590    00000034                                   : fopen.c.obj (.text:__TI_cleanup)
                  000035c4    00000034                                   : trgmsg.c.obj (.text:__TI_readmsg)
                  000035f8    00000030                                   : getdevice.c.obj (.text:finddevice)
                  00003628    0000002e                                   : i_tofd_t2.asm.obj (.text)
                  00003656    00000002     --HOLE-- [fill = 0]
                  00003658    0000002c                                   : unlink.c.obj (.text:unlink)
                  00003684    00000028                                   : lseek.c.obj (.text:lseek)
                  000036ac    00000028                                   : memory.c.obj (.text:mremove)
                  000036d4    00000028                                   : write.c.obj (.text:write)
                  000036fc    00000020                                   : memchr.c.obj (.text:memchr)
                  0000371c    0000001c                                   : memccpy.c.obj (.text:memccpy)
                  00003738    00000018                                   : strcmp.c.obj (.text:strcmp)
                  00003750    00000016                                   : strchr.c.obj (.text:strchr)
                  00003766    00000014                                   : s_copysign.c.obj (.text:copysign)
                  0000377a    00000014                                   : strcpy.c.obj (.text:strcpy)
                  0000378e    00000014                                   : strlen.c.obj (.text:strlen)
                  000037a2    00000012                                   : copy_zero_init.c.obj (.text:decompress:ZI:__TI_zero_init_nomemset:__TI_zero_init_nomemset)
                  000037b4    00000012                                   : wcslen.c.obj (.text:wcslen)
                  000037c6    0000000e                                   : copy_decompress_none.c.obj (.text:decompress:none:__TI_decompress_none)
                  000037d4    0000000e     startup_msp432p401r_ccs.obj (.text)
                  000037e2    00000002     --HOLE-- [fill = 0]
                  000037e4    00000008     rtsv7M4_T_le_v4SPD16_eabi.lib : errno.c.obj (.text:__aeabi_errno_addr)
                  000037ec    00000004                                   : printf.c.obj (.text:_outc)
                  000037f0    00000004                                   : printf.c.obj (.text:_outs)
                  000037f4    00000004                                   : pre_init.c.obj (.text:_system_pre_init)
                  000037f8    00000004                                   : exit.c.obj (.text:abort:abort)

.const     0    000037fc    00000193     
                  000037fc    00000101     rtsv7M4_T_le_v4SPD16_eabi.lib : ctype.c.obj (.const:.string:_ctypes_)
                  000038fd    00000019     main.obj (.const:.string:$P$T2$3)
                  00003916    00000019     main.obj (.const:.string:$P$T6$7)
                  0000392f    00000015     main.obj (.const:.string:$P$T0$1)
                  00003944    00000015     main.obj (.const:.string:$P$T4$5)
                  00003959    00000011     main.obj (.const:.string:$P$T1$2)
                  0000396a    00000011     main.obj (.const:.string:$P$T5$6)
                  0000397b    0000000a     main.obj (.const:.string:$P$T3$4)
                  00003985    0000000a     main.obj (.const:.string:$P$T7$8)

.cinit     0    00003990    00000098     
                  00003990    00000071     (.cinit..data.load) [load image, compression = lzss]
                  00003a01    00000003     --HOLE-- [fill = 0]
                  00003a04    0000000c     (__TI_handler_table)
                  00003a10    00000008     (.cinit..bss.load) [load image, compression = zero_init]
                  00003a18    00000010     (__TI_cinit_table)

.init_array 
*          0    00000000    00000000     UNINITIALIZED

.binit     0    00000000    00000000     

.sysmem    0    20000000    00000400     UNINITIALIZED
                  20000000    00000008     rtsv7M4_T_le_v4SPD16_eabi.lib : memory.c.obj (.sysmem)
                  20000008    000003f8     --HOLE--

.data      0    20000400    000001f0     UNINITIALIZED
                  20000400    000000f0     rtsv7M4_T_le_v4SPD16_eabi.lib : defs.c.obj (.data:_ftable)
                  200004f0    00000078                                   : write.c.obj (.data:_device)
                  20000568    00000050                                   : write.c.obj (.data:_stream)
                  200005b8    00000010                                   : defs.c.obj (.data)
                  200005c8    0000000c                                   : exit.c.obj (.data:$O1$$)
                  200005d4    0000000c                                   : memory.c.obj (.data:$O1$$)
                  200005e0    00000008                                   : _lock.c.obj (.data:$O1$$)
                  200005e8    00000004                                   : errno.c.obj (.data)
                  200005ec    00000004     system_msp432p401r.obj (.data)

.bss       0    200005f0    000001d8     UNINITIALIZED
                  200005f0    00000120     rtsv7M4_T_le_v4SPD16_eabi.lib : trgmsg.c.obj (.bss:_CIOBUF_)
                  20000710    000000a0     (.common:__TI_tmpnams)
                  200007b0    00000008     (.common:parmbuf)
                  200007b8    00000004     (.common:door_flag)
                  200007bc    00000004     (.common:door_variable)
                  200007c0    00000004     (.common:menu_flag)
                  200007c4    00000004     (.common:menu_variable)

.stack     0    2000fe00    00000200     UNINITIALIZED
                  2000fe00    00000004     rtsv7M4_T_le_v4SPD16_eabi.lib : boot_cortex_m.c.obj (.stack)
                  2000fe04    000001fc     --HOLE--

MODULE SUMMARY

       Module                        code    ro data   rw data
       ------                        ----    -------   -------
    .\
       main.obj                      2716    146       32     
       system_msp432p401r.obj        820     0         8      
       startup_msp432p401r_ccs.obj   14      228       0      
    +--+-----------------------------+-------+---------+---------+
       Total:                        3550    374       40     
                                                              
    C:\ti\ccsv8\tools\compiler\ti-cgt-arm_18.1.3.LTS\lib\rtsv7M4_T_le_v4SPD16_eabi.lib
       _printfi.c.obj                4863    0         0      
       defs.c.obj                    0       0         832    
       trgmsg.c.obj                  108     0         576    
       memory.c.obj                  492     0         24     
       write.c.obj                   40      0         400    
       fd_add_t2.asm.obj             438     0         0      
       fd_div_t2.asm.obj             310     0         0      
       fputs.c.obj                   276     0         0      
       s_scalbn.c.obj                272     0         0      
       fd_cmp_t2.asm.obj             268     0         0      
       ctype.c.obj                   0       257       0      
       fd_mul_t2.asm.obj             252     0         0      
       setvbuf.c.obj                 220     0         0      
       memcpy_t2.asm.obj             156     0         0      
       ull_div_t2.asm.obj            150     0         0      
       fputc.c.obj                   140     0         0      
       memset_t2.asm.obj             122     0         0      
       fclose.c.obj                  116     0         0      
       getdevice.c.obj               116     0         0      
       hostopen.c.obj                96      0         16     
       printf.c.obj                  112     0         0      
       copy_decompress_lzss.c.obj    104     0         0      
       hostlseek.c.obj               104     0         0      
       hostrename.c.obj              104     0         0      
       exit.c.obj                    76      0         24     
       fseek.c.obj                   100     0         0      
       s_frexp.c.obj                 100     0         0      
       _io_perm.c.obj                98      0         0      
       close.c.obj                   92      0         0      
       hostread.c.obj                88      0         0      
       hostwrite.c.obj               88      0         0      
       ltoa.c.obj                    84      0         0      
       atoi.c.obj                    76      0         0      
       fflush.c.obj                  76      0         0      
       fd_toi_t2.asm.obj             72      0         0      
       autoinit.c.obj                68      0         0      
       hostclose.c.obj               68      0         0      
       hostunlink.c.obj              68      0         0      
       boot_cortex_m.c.obj           56      0         0      
       strncpy.c.obj                 54      0         0      
       fopen.c.obj                   52      0         0      
       i_tofd_t2.asm.obj             46      0         0      
       unlink.c.obj                  44      0         0      
       lseek.c.obj                   40      0         0      
       memchr.c.obj                  32      0         0      
       memccpy.c.obj                 28      0         0      
       strcmp.c.obj                  24      0         0      
       strchr.c.obj                  22      0         0      
       s_copysign.c.obj              20      0         0      
       strcpy.c.obj                  20      0         0      
       strlen.c.obj                  20      0         0      
       _lock.c.obj                   2       0         16     
       copy_zero_init.c.obj          18      0         0      
       wcslen.c.obj                  18      0         0      
       errno.c.obj                   8       0         8      
       copy_decompress_none.c.obj    14      0         0      
       pre_init.c.obj                4       0         0      
       div0.asm.obj                  2       0         0      
    +--+-----------------------------+-------+---------+---------+
       Total:                        10537   257       1896   
                                                              
       Heap:                         0       0         2048   
       Stack:                        0       0         1024   
       Linker Generated:             0       149       0      
    +--+-----------------------------+-------+---------+---------+
       Grand Total:                  14087   780       5008   


LINKER GENERATED COPY TABLES

__TI_cinit_table @ 00003a18 records: 2, size/record: 8, table size: 16
	.data: load addr=00003990, load size=00000071 bytes, run addr=20000400, run size=000001f0 bytes, compression=lzss
	.bss: load addr=00003a10, load size=00000008 bytes, run addr=200005f0, run size=000001d8 bytes, compression=zero_init


LINKER GENERATED HANDLER TABLE

__TI_handler_table @ 00003a04 records: 3, size/record: 4, table size: 12
	index: 0, handler: __TI_decompress_lzss
	index: 1, handler: __TI_decompress_none
	index: 2, handler: __TI_zero_init


GLOBAL SYMBOLS: SORTED ALPHABETICALLY BY Name 

address   name                           
-------   ----                           
000037e1  ADC14_IRQHandler               
000037e1  AES256_IRQHandler              
000037e1  BusFault_Handler               
000037f9  C$$EXIT                        
000034df  C$$IO$$                        
000037e1  COMP_E0_IRQHandler             
000037e1  COMP_E1_IRQHandler             
000037e1  CS_IRQHandler                  
000037e1  DMA_ERR_IRQHandler             
000037e1  DMA_INT0_IRQHandler            
000037e1  DMA_INT1_IRQHandler            
000037e1  DMA_INT2_IRQHandler            
000037e1  DMA_INT3_IRQHandler            
000037e1  DebugMon_Handler               
000037e1  Default_Handler                
00000955  Door_Menu_Keypad               
000037e1  EUSCIA0_IRQHandler             
000037e1  EUSCIA1_IRQHandler             
000037e1  EUSCIA2_IRQHandler             
000037e1  EUSCIA3_IRQHandler             
000037e1  EUSCIB0_IRQHandler             
000037e1  EUSCIB1_IRQHandler             
000037e1  EUSCIB2_IRQHandler             
000037e1  EUSCIB3_IRQHandler             
000037e1  FLCTL_IRQHandler               
000037e1  FPU_IRQHandler                 
00003325  HOSTclose                      
00002cc9  HOSTlseek                      
00002f95  HOSTopen                       
00003051  HOSTread                       
00002d31  HOSTrename                     
00003369  HOSTunlink                     
000030a9  HOSTwrite                      
000037e1  HardFault_Handler              
000002c3  LCD_init                       
000037e1  MemManage_Handler              
00000365  Menu_Keypad                    
000037e1  NMI_Handler                    
000037e1  PCM_IRQHandler                 
000037e1  PORT1_IRQHandler               
000037e1  PORT2_IRQHandler               
000037e1  PORT3_IRQHandler               
000037e1  PORT4_IRQHandler               
000037e1  PORT5_IRQHandler               
000037e1  PORT6_IRQHandler               
000037e1  PSS_IRQHandler                 
000037e1  PendSV_Handler                 
00000649  PinDeclaration                 
0000017b  PulseEnablePin                 
000037e1  RTC_C_IRQHandler               
000037d5  Reset_Handler                  
000037e1  SVC_Handler                    
000037e1  SysTick_Handler                
200005ec  SystemCoreClock                
000015e1  SystemCoreClockUpdate          
00001859  SystemInit                     
000037e1  T32_INT1_IRQHandler            
000037e1  T32_INT2_IRQHandler            
000037e1  T32_INTC_IRQHandler            
000037e1  TA0_0_IRQHandler               
000037e1  TA0_N_IRQHandler               
000037e1  TA1_0_IRQHandler               
000037e1  TA1_N_IRQHandler               
000037e1  TA2_0_IRQHandler               
000037e1  TA2_N_IRQHandler               
000037e1  TA3_0_IRQHandler               
000037e1  TA3_N_IRQHandler               
000037e1  UsageFault_Handler             
4000480c  WDTCTL_SYM                     
000037e1  WDT_A_IRQHandler               
200005f0  __CIOBUF_                      
20010000  __STACK_END                    
00000200  __STACK_SIZE                   
00000400  __SYSMEM_SIZE                  
00003a18  __TI_CINIT_Base                
00003a28  __TI_CINIT_Limit               
00003a04  __TI_Handler_Table_Base        
00003a10  __TI_Handler_Table_Limit       
000033ad  __TI_auto_init_nobinit_nopinit 
00003591  __TI_cleanup                   
200005c8  __TI_cleanup_ptr               
00002be5  __TI_closefile                 
00002d99  __TI_decompress_lzss           
000037c7  __TI_decompress_none           
000031fd  __TI_doflush                   
200005cc  __TI_dtors_ptr                 
200005d0  __TI_enable_exit_profile_output
200005b8  __TI_ft_end                    
ffffffff  __TI_pprof_out_hndl            
00000b81  __TI_printfi                   
ffffffff  __TI_prof_data_size            
ffffffff  __TI_prof_data_start           
000035c5  __TI_readmsg                   
00000000  __TI_static_base__             
20000710  __TI_tmpnams                   
000034b1  __TI_writemsg                  
00002f31  __TI_wrt_ok                    
000037a3  __TI_zero_init_nomemset        
000029e5  __aeabi_cdcmpeq                
000029e5  __aeabi_cdcmple                
00002a6b  __aeabi_cdrcmple               
000032dd  __aeabi_d2iz                   
00001d5f  __aeabi_dadd                   
00002049  __aeabi_ddiv                   
000024c5  __aeabi_dmul                   
00001d55  __aeabi_dsub                   
000037e5  __aeabi_errno_addr             
00003629  __aeabi_i2d                    
00001f0b  __aeabi_idiv0                  
00001f0b  __aeabi_ldiv0                  
00002af1  __aeabi_memclr                 
00002af1  __aeabi_memclr4                
00002af1  __aeabi_memclr8                
00002827  __aeabi_memcpy                 
00002827  __aeabi_memcpy4                
00002827  __aeabi_memcpy8                
00002af3  __aeabi_memset                 
00002af3  __aeabi_memset4                
00002af3  __aeabi_memset8                
200005c4  __aeabi_stderr                 
200005bc  __aeabi_stdin                  
200005c0  __aeabi_stdout                 
000028c3  __aeabi_uldivmod               
ffffffff  __binit__                      
ffffffff  __c_args__                     
UNDEFED   __mpu_init                     
2000fe00  __stack                        
000034e9  _c_int00_noargs                
000037fc  _ctypes_                       
200004f0  _device                        
20000400  _ftable                        
200005e0  _lock                          
000015df  _nop                           
20000568  _stream                        
20000000  _sys_memory                    
UNDEFED   _system_post_cinit             
000037f5  _system_pre_init               
200005e4  _unlock                        
000037f9  abort                          
00003249  atoi                           
ffffffff  binit                          
00002ff5  close                          
000000e5  commandWrite                   
00003767  copysign                       
00003767  copysignl                      
000000ff  dataWrite                      
000001db  delay_micro                    
000001b5  delay_ms                       
000008df  door_closed                    
200007b8  door_flag                      
000007ed  door_menu                      
000008c1  door_open                      
200007bc  door_variable                  
200005e8  errno                          
00003295  exit                           
000035f9  finddevice                     
00002959  fputc                          
000022a1  fputs                          
0000269d  free                           
00002e69  frexp                          
00002e69  frexpl                         
00002ecd  fseek                          
000033f1  getdevice                      
00000000  interruptVectors               
000023b5  ldexp                          
000023b5  ldexpl                         
00003685  lseek                          
00003157  ltoa                           
00000563  main                           
000001ff  main_menu                      
00002b6d  malloc                         
0000371d  memccpy                        
000036fd  memchr                         
00002827  memcpy                         
00002af9  memset                         
200007c0  menu_flag                      
200007c4  menu_variable                  
00003521  minit                          
200007b0  parmbuf                        
00002e01  printf                         
00000119  pushByte                       
00000153  pushNibble                     
00002959  putc                           
00003659  remove                         
000007d7  reset                          
000023b5  scalbn                         
000023b5  scalbnl                        
000025c1  setvbuf                        
00003751  strchr                         
00003739  strcmp                         
0000377b  strcpy                         
0000378f  strlen                         
00003559  strncpy                        
00003659  unlink                         
000037b5  wcslen                         
000036d5  write                          


GLOBAL SYMBOLS: SORTED BY Symbol Address 

address   name                           
-------   ----                           
00000000  __TI_static_base__             
00000000  interruptVectors               
000000e5  commandWrite                   
000000ff  dataWrite                      
00000119  pushByte                       
00000153  pushNibble                     
0000017b  PulseEnablePin                 
000001b5  delay_ms                       
000001db  delay_micro                    
000001ff  main_menu                      
00000200  __STACK_SIZE                   
000002c3  LCD_init                       
00000365  Menu_Keypad                    
00000400  __SYSMEM_SIZE                  
00000563  main                           
00000649  PinDeclaration                 
000007d7  reset                          
000007ed  door_menu                      
000008c1  door_open                      
000008df  door_closed                    
00000955  Door_Menu_Keypad               
00000b81  __TI_printfi                   
000015df  _nop                           
000015e1  SystemCoreClockUpdate          
00001859  SystemInit                     
00001d55  __aeabi_dsub                   
00001d5f  __aeabi_dadd                   
00001f0b  __aeabi_idiv0                  
00001f0b  __aeabi_ldiv0                  
00002049  __aeabi_ddiv                   
000022a1  fputs                          
000023b5  ldexp                          
000023b5  ldexpl                         
000023b5  scalbn                         
000023b5  scalbnl                        
000024c5  __aeabi_dmul                   
000025c1  setvbuf                        
0000269d  free                           
00002827  __aeabi_memcpy                 
00002827  __aeabi_memcpy4                
00002827  __aeabi_memcpy8                
00002827  memcpy                         
000028c3  __aeabi_uldivmod               
00002959  fputc                          
00002959  putc                           
000029e5  __aeabi_cdcmpeq                
000029e5  __aeabi_cdcmple                
00002a6b  __aeabi_cdrcmple               
00002af1  __aeabi_memclr                 
00002af1  __aeabi_memclr4                
00002af1  __aeabi_memclr8                
00002af3  __aeabi_memset                 
00002af3  __aeabi_memset4                
00002af3  __aeabi_memset8                
00002af9  memset                         
00002b6d  malloc                         
00002be5  __TI_closefile                 
00002cc9  HOSTlseek                      
00002d31  HOSTrename                     
00002d99  __TI_decompress_lzss           
00002e01  printf                         
00002e69  frexp                          
00002e69  frexpl                         
00002ecd  fseek                          
00002f31  __TI_wrt_ok                    
00002f95  HOSTopen                       
00002ff5  close                          
00003051  HOSTread                       
000030a9  HOSTwrite                      
00003157  ltoa                           
000031fd  __TI_doflush                   
00003249  atoi                           
00003295  exit                           
000032dd  __aeabi_d2iz                   
00003325  HOSTclose                      
00003369  HOSTunlink                     
000033ad  __TI_auto_init_nobinit_nopinit 
000033f1  getdevice                      
000034b1  __TI_writemsg                  
000034df  C$$IO$$                        
000034e9  _c_int00_noargs                
00003521  minit                          
00003559  strncpy                        
00003591  __TI_cleanup                   
000035c5  __TI_readmsg                   
000035f9  finddevice                     
00003629  __aeabi_i2d                    
00003659  remove                         
00003659  unlink                         
00003685  lseek                          
000036d5  write                          
000036fd  memchr                         
0000371d  memccpy                        
00003739  strcmp                         
00003751  strchr                         
00003767  copysign                       
00003767  copysignl                      
0000377b  strcpy                         
0000378f  strlen                         
000037a3  __TI_zero_init_nomemset        
000037b5  wcslen                         
000037c7  __TI_decompress_none           
000037d5  Reset_Handler                  
000037e1  ADC14_IRQHandler               
000037e1  AES256_IRQHandler              
000037e1  BusFault_Handler               
000037e1  COMP_E0_IRQHandler             
000037e1  COMP_E1_IRQHandler             
000037e1  CS_IRQHandler                  
000037e1  DMA_ERR_IRQHandler             
000037e1  DMA_INT0_IRQHandler            
000037e1  DMA_INT1_IRQHandler            
000037e1  DMA_INT2_IRQHandler            
000037e1  DMA_INT3_IRQHandler            
000037e1  DebugMon_Handler               
000037e1  Default_Handler                
000037e1  EUSCIA0_IRQHandler             
000037e1  EUSCIA1_IRQHandler             
000037e1  EUSCIA2_IRQHandler             
000037e1  EUSCIA3_IRQHandler             
000037e1  EUSCIB0_IRQHandler             
000037e1  EUSCIB1_IRQHandler             
000037e1  EUSCIB2_IRQHandler             
000037e1  EUSCIB3_IRQHandler             
000037e1  FLCTL_IRQHandler               
000037e1  FPU_IRQHandler                 
000037e1  HardFault_Handler              
000037e1  MemManage_Handler              
000037e1  NMI_Handler                    
000037e1  PCM_IRQHandler                 
000037e1  PORT1_IRQHandler               
000037e1  PORT2_IRQHandler               
000037e1  PORT3_IRQHandler               
000037e1  PORT4_IRQHandler               
000037e1  PORT5_IRQHandler               
000037e1  PORT6_IRQHandler               
000037e1  PSS_IRQHandler                 
000037e1  PendSV_Handler                 
000037e1  RTC_C_IRQHandler               
000037e1  SVC_Handler                    
000037e1  SysTick_Handler                
000037e1  T32_INT1_IRQHandler            
000037e1  T32_INT2_IRQHandler            
000037e1  T32_INTC_IRQHandler            
000037e1  TA0_0_IRQHandler               
000037e1  TA0_N_IRQHandler               
000037e1  TA1_0_IRQHandler               
000037e1  TA1_N_IRQHandler               
000037e1  TA2_0_IRQHandler               
000037e1  TA2_N_IRQHandler               
000037e1  TA3_0_IRQHandler               
000037e1  TA3_N_IRQHandler               
000037e1  UsageFault_Handler             
000037e1  WDT_A_IRQHandler               
000037e5  __aeabi_errno_addr             
000037f5  _system_pre_init               
000037f9  C$$EXIT                        
000037f9  abort                          
000037fc  _ctypes_                       
00003a04  __TI_Handler_Table_Base        
00003a10  __TI_Handler_Table_Limit       
00003a18  __TI_CINIT_Base                
00003a28  __TI_CINIT_Limit               
20000000  _sys_memory                    
20000400  _ftable                        
200004f0  _device                        
20000568  _stream                        
200005b8  __TI_ft_end                    
200005bc  __aeabi_stdin                  
200005c0  __aeabi_stdout                 
200005c4  __aeabi_stderr                 
200005c8  __TI_cleanup_ptr               
200005cc  __TI_dtors_ptr                 
200005d0  __TI_enable_exit_profile_output
200005e0  _lock                          
200005e4  _unlock                        
200005e8  errno                          
200005ec  SystemCoreClock                
200005f0  __CIOBUF_                      
20000710  __TI_tmpnams                   
200007b0  parmbuf                        
200007b8  door_flag                      
200007bc  door_variable                  
200007c0  menu_flag                      
200007c4  menu_variable                  
2000fe00  __stack                        
20010000  __STACK_END                    
4000480c  WDTCTL_SYM                     
ffffffff  __TI_pprof_out_hndl            
ffffffff  __TI_prof_data_size            
ffffffff  __TI_prof_data_start           
ffffffff  __binit__                      
ffffffff  __c_args__                     
ffffffff  binit                          
UNDEFED   __mpu_init                     
UNDEFED   _system_post_cinit             

[196 symbols]
