<?xml version="1.0" encoding="ISO-8859-1" ?>
<link_info>
   <banner>TI ARM Linker PC v18.1.3.LTS</banner>
   <copyright>Copyright (c) 1996-2017 Texas Instruments Incorporated</copyright>
   <link_time>0x5bc7447c</link_time>
   <link_errors>0x0</link_errors>
   <output_file>EGR226-902_Tuuk_Speet_MidtermProject.out</output_file>
   <entry_point>
      <name>_c_int00_noargs</name>
      <address>0x34e9</address>
   </entry_point>
   <input_file_list>
      <input_file id="fl-2">
         <path>.\</path>
         <kind>object</kind>
         <file>main.obj</file>
         <name>main.obj</name>
      </input_file>
      <input_file id="fl-3">
         <path>.\</path>
         <kind>object</kind>
         <file>startup_msp432p401r_ccs.obj</file>
         <name>startup_msp432p401r_ccs.obj</name>
      </input_file>
      <input_file id="fl-4">
         <path>.\</path>
         <kind>object</kind>
         <file>system_msp432p401r.obj</file>
         <name>system_msp432p401r.obj</name>
      </input_file>
      <input_file id="fl-8">
         <kind>object</kind>
         <file>&lt;internal&gt;</file>
         <name>&lt;internal&gt;</name>
      </input_file>
      <input_file id="fl-be">
         <path>C:\ti\ccsv8\tools\compiler\ti-cgt-arm_18.1.3.LTS\lib\</path>
         <kind>archive</kind>
         <file>rtsv7M4_T_le_v4SPD16_eabi.lib</file>
         <name>memcpy_t2.asm.obj</name>
      </input_file>
      <input_file id="fl-bf">
         <path>C:\ti\ccsv8\tools\compiler\ti-cgt-arm_18.1.3.LTS\lib\</path>
         <kind>archive</kind>
         <file>rtsv7M4_T_le_v4SPD16_eabi.lib</file>
         <name>copy_zero_init.c.obj</name>
      </input_file>
      <input_file id="fl-c0">
         <path>C:\ti\ccsv8\tools\compiler\ti-cgt-arm_18.1.3.LTS\lib\</path>
         <kind>archive</kind>
         <file>rtsv7M4_T_le_v4SPD16_eabi.lib</file>
         <name>copy_decompress_none.c.obj</name>
      </input_file>
      <input_file id="fl-c1">
         <path>C:\ti\ccsv8\tools\compiler\ti-cgt-arm_18.1.3.LTS\lib\</path>
         <kind>archive</kind>
         <file>rtsv7M4_T_le_v4SPD16_eabi.lib</file>
         <name>copy_decompress_lzss.c.obj</name>
      </input_file>
      <input_file id="fl-c2">
         <path>C:\ti\ccsv8\tools\compiler\ti-cgt-arm_18.1.3.LTS\lib\</path>
         <kind>archive</kind>
         <file>rtsv7M4_T_le_v4SPD16_eabi.lib</file>
         <name>printf.c.obj</name>
      </input_file>
      <input_file id="fl-c3">
         <path>C:\ti\ccsv8\tools\compiler\ti-cgt-arm_18.1.3.LTS\lib\</path>
         <kind>archive</kind>
         <file>rtsv7M4_T_le_v4SPD16_eabi.lib</file>
         <name>boot_cortex_m.c.obj</name>
      </input_file>
      <input_file id="fl-c4">
         <path>C:\ti\ccsv8\tools\compiler\ti-cgt-arm_18.1.3.LTS\lib\</path>
         <kind>archive</kind>
         <file>rtsv7M4_T_le_v4SPD16_eabi.lib</file>
         <name>memset_t2.asm.obj</name>
      </input_file>
      <input_file id="fl-c5">
         <path>C:\ti\ccsv8\tools\compiler\ti-cgt-arm_18.1.3.LTS\lib\</path>
         <kind>archive</kind>
         <file>rtsv7M4_T_le_v4SPD16_eabi.lib</file>
         <name>autoinit.c.obj</name>
      </input_file>
      <input_file id="fl-c6">
         <path>C:\ti\ccsv8\tools\compiler\ti-cgt-arm_18.1.3.LTS\lib\</path>
         <kind>archive</kind>
         <file>rtsv7M4_T_le_v4SPD16_eabi.lib</file>
         <name>pre_init.c.obj</name>
      </input_file>
      <input_file id="fl-c7">
         <path>C:\ti\ccsv8\tools\compiler\ti-cgt-arm_18.1.3.LTS\lib\</path>
         <kind>archive</kind>
         <file>rtsv7M4_T_le_v4SPD16_eabi.lib</file>
         <name>cpy_tbl.c.obj</name>
      </input_file>
      <input_file id="fl-c8">
         <path>C:\ti\ccsv8\tools\compiler\ti-cgt-arm_18.1.3.LTS\lib\</path>
         <kind>archive</kind>
         <file>rtsv7M4_T_le_v4SPD16_eabi.lib</file>
         <name>exit.c.obj</name>
      </input_file>
      <input_file id="fl-c9">
         <path>C:\ti\ccsv8\tools\compiler\ti-cgt-arm_18.1.3.LTS\lib\</path>
         <kind>archive</kind>
         <file>rtsv7M4_T_le_v4SPD16_eabi.lib</file>
         <name>_lock.c.obj</name>
      </input_file>
      <input_file id="fl-ca">
         <path>C:\ti\ccsv8\tools\compiler\ti-cgt-arm_18.1.3.LTS\lib\</path>
         <kind>archive</kind>
         <file>rtsv7M4_T_le_v4SPD16_eabi.lib</file>
         <name>_printfi.c.obj</name>
      </input_file>
      <input_file id="fl-cb">
         <path>C:\ti\ccsv8\tools\compiler\ti-cgt-arm_18.1.3.LTS\lib\</path>
         <kind>archive</kind>
         <file>rtsv7M4_T_le_v4SPD16_eabi.lib</file>
         <name>args_main.c.obj</name>
      </input_file>
      <input_file id="fl-cc">
         <path>C:\ti\ccsv8\tools\compiler\ti-cgt-arm_18.1.3.LTS\lib\</path>
         <kind>archive</kind>
         <file>rtsv7M4_T_le_v4SPD16_eabi.lib</file>
         <name>atoi.c.obj</name>
      </input_file>
      <input_file id="fl-cd">
         <path>C:\ti\ccsv8\tools\compiler\ti-cgt-arm_18.1.3.LTS\lib\</path>
         <kind>archive</kind>
         <file>rtsv7M4_T_le_v4SPD16_eabi.lib</file>
         <name>ctype.c.obj</name>
      </input_file>
      <input_file id="fl-ce">
         <path>C:\ti\ccsv8\tools\compiler\ti-cgt-arm_18.1.3.LTS\lib\</path>
         <kind>archive</kind>
         <file>rtsv7M4_T_le_v4SPD16_eabi.lib</file>
         <name>defs.c.obj</name>
      </input_file>
      <input_file id="fl-cf">
         <path>C:\ti\ccsv8\tools\compiler\ti-cgt-arm_18.1.3.LTS\lib\</path>
         <kind>archive</kind>
         <file>rtsv7M4_T_le_v4SPD16_eabi.lib</file>
         <name>fputc.c.obj</name>
      </input_file>
      <input_file id="fl-d0">
         <path>C:\ti\ccsv8\tools\compiler\ti-cgt-arm_18.1.3.LTS\lib\</path>
         <kind>archive</kind>
         <file>rtsv7M4_T_le_v4SPD16_eabi.lib</file>
         <name>fputs.c.obj</name>
      </input_file>
      <input_file id="fl-d1">
         <path>C:\ti\ccsv8\tools\compiler\ti-cgt-arm_18.1.3.LTS\lib\</path>
         <kind>archive</kind>
         <file>rtsv7M4_T_le_v4SPD16_eabi.lib</file>
         <name>ltoa.c.obj</name>
      </input_file>
      <input_file id="fl-d2">
         <path>C:\ti\ccsv8\tools\compiler\ti-cgt-arm_18.1.3.LTS\lib\</path>
         <kind>archive</kind>
         <file>rtsv7M4_T_le_v4SPD16_eabi.lib</file>
         <name>memccpy.c.obj</name>
      </input_file>
      <input_file id="fl-d3">
         <path>C:\ti\ccsv8\tools\compiler\ti-cgt-arm_18.1.3.LTS\lib\</path>
         <kind>archive</kind>
         <file>rtsv7M4_T_le_v4SPD16_eabi.lib</file>
         <name>memchr.c.obj</name>
      </input_file>
      <input_file id="fl-d4">
         <path>C:\ti\ccsv8\tools\compiler\ti-cgt-arm_18.1.3.LTS\lib\</path>
         <kind>archive</kind>
         <file>rtsv7M4_T_le_v4SPD16_eabi.lib</file>
         <name>strchr.c.obj</name>
      </input_file>
      <input_file id="fl-d5">
         <path>C:\ti\ccsv8\tools\compiler\ti-cgt-arm_18.1.3.LTS\lib\</path>
         <kind>archive</kind>
         <file>rtsv7M4_T_le_v4SPD16_eabi.lib</file>
         <name>strlen.c.obj</name>
      </input_file>
      <input_file id="fl-d6">
         <path>C:\ti\ccsv8\tools\compiler\ti-cgt-arm_18.1.3.LTS\lib\</path>
         <kind>archive</kind>
         <file>rtsv7M4_T_le_v4SPD16_eabi.lib</file>
         <name>write.c.obj</name>
      </input_file>
      <input_file id="fl-d7">
         <path>C:\ti\ccsv8\tools\compiler\ti-cgt-arm_18.1.3.LTS\lib\</path>
         <kind>archive</kind>
         <file>rtsv7M4_T_le_v4SPD16_eabi.lib</file>
         <name>errno.c.obj</name>
      </input_file>
      <input_file id="fl-d8">
         <path>C:\ti\ccsv8\tools\compiler\ti-cgt-arm_18.1.3.LTS\lib\</path>
         <kind>archive</kind>
         <file>rtsv7M4_T_le_v4SPD16_eabi.lib</file>
         <name>s_frexp.c.obj</name>
      </input_file>
      <input_file id="fl-d9">
         <path>C:\ti\ccsv8\tools\compiler\ti-cgt-arm_18.1.3.LTS\lib\</path>
         <kind>archive</kind>
         <file>rtsv7M4_T_le_v4SPD16_eabi.lib</file>
         <name>s_scalbn.c.obj</name>
      </input_file>
      <input_file id="fl-da">
         <path>C:\ti\ccsv8\tools\compiler\ti-cgt-arm_18.1.3.LTS\lib\</path>
         <kind>archive</kind>
         <file>rtsv7M4_T_le_v4SPD16_eabi.lib</file>
         <name>wcslen.c.obj</name>
      </input_file>
      <input_file id="fl-db">
         <path>C:\ti\ccsv8\tools\compiler\ti-cgt-arm_18.1.3.LTS\lib\</path>
         <kind>archive</kind>
         <file>rtsv7M4_T_le_v4SPD16_eabi.lib</file>
         <name>s_copysign.c.obj</name>
      </input_file>
      <input_file id="fl-dc">
         <path>C:\ti\ccsv8\tools\compiler\ti-cgt-arm_18.1.3.LTS\lib\</path>
         <kind>archive</kind>
         <file>rtsv7M4_T_le_v4SPD16_eabi.lib</file>
         <name>ull_div_t2.asm.obj</name>
      </input_file>
      <input_file id="fl-dd">
         <path>C:\ti\ccsv8\tools\compiler\ti-cgt-arm_18.1.3.LTS\lib\</path>
         <kind>archive</kind>
         <file>rtsv7M4_T_le_v4SPD16_eabi.lib</file>
         <name>fd_add_t2.asm.obj</name>
      </input_file>
      <input_file id="fl-de">
         <path>C:\ti\ccsv8\tools\compiler\ti-cgt-arm_18.1.3.LTS\lib\</path>
         <kind>archive</kind>
         <file>rtsv7M4_T_le_v4SPD16_eabi.lib</file>
         <name>fd_cmp_t2.asm.obj</name>
      </input_file>
      <input_file id="fl-df">
         <path>C:\ti\ccsv8\tools\compiler\ti-cgt-arm_18.1.3.LTS\lib\</path>
         <kind>archive</kind>
         <file>rtsv7M4_T_le_v4SPD16_eabi.lib</file>
         <name>fd_div_t2.asm.obj</name>
      </input_file>
      <input_file id="fl-e0">
         <path>C:\ti\ccsv8\tools\compiler\ti-cgt-arm_18.1.3.LTS\lib\</path>
         <kind>archive</kind>
         <file>rtsv7M4_T_le_v4SPD16_eabi.lib</file>
         <name>fd_mul_t2.asm.obj</name>
      </input_file>
      <input_file id="fl-e1">
         <path>C:\ti\ccsv8\tools\compiler\ti-cgt-arm_18.1.3.LTS\lib\</path>
         <kind>archive</kind>
         <file>rtsv7M4_T_le_v4SPD16_eabi.lib</file>
         <name>fd_toi_t2.asm.obj</name>
      </input_file>
      <input_file id="fl-e2">
         <path>C:\ti\ccsv8\tools\compiler\ti-cgt-arm_18.1.3.LTS\lib\</path>
         <kind>archive</kind>
         <file>rtsv7M4_T_le_v4SPD16_eabi.lib</file>
         <name>i_tofd_t2.asm.obj</name>
      </input_file>
      <input_file id="fl-e3">
         <path>C:\ti\ccsv8\tools\compiler\ti-cgt-arm_18.1.3.LTS\lib\</path>
         <kind>archive</kind>
         <file>rtsv7M4_T_le_v4SPD16_eabi.lib</file>
         <name>_io_perm.c.obj</name>
      </input_file>
      <input_file id="fl-e4">
         <path>C:\ti\ccsv8\tools\compiler\ti-cgt-arm_18.1.3.LTS\lib\</path>
         <kind>archive</kind>
         <file>rtsv7M4_T_le_v4SPD16_eabi.lib</file>
         <name>fflush.c.obj</name>
      </input_file>
      <input_file id="fl-e5">
         <path>C:\ti\ccsv8\tools\compiler\ti-cgt-arm_18.1.3.LTS\lib\</path>
         <kind>archive</kind>
         <file>rtsv7M4_T_le_v4SPD16_eabi.lib</file>
         <name>fseek.c.obj</name>
      </input_file>
      <input_file id="fl-e6">
         <path>C:\ti\ccsv8\tools\compiler\ti-cgt-arm_18.1.3.LTS\lib\</path>
         <kind>archive</kind>
         <file>rtsv7M4_T_le_v4SPD16_eabi.lib</file>
         <name>lseek.c.obj</name>
      </input_file>
      <input_file id="fl-e7">
         <path>C:\ti\ccsv8\tools\compiler\ti-cgt-arm_18.1.3.LTS\lib\</path>
         <kind>archive</kind>
         <file>rtsv7M4_T_le_v4SPD16_eabi.lib</file>
         <name>setvbuf.c.obj</name>
      </input_file>
      <input_file id="fl-e8">
         <path>C:\ti\ccsv8\tools\compiler\ti-cgt-arm_18.1.3.LTS\lib\</path>
         <kind>archive</kind>
         <file>rtsv7M4_T_le_v4SPD16_eabi.lib</file>
         <name>hostclose.c.obj</name>
      </input_file>
      <input_file id="fl-e9">
         <path>C:\ti\ccsv8\tools\compiler\ti-cgt-arm_18.1.3.LTS\lib\</path>
         <kind>archive</kind>
         <file>rtsv7M4_T_le_v4SPD16_eabi.lib</file>
         <name>hostlseek.c.obj</name>
      </input_file>
      <input_file id="fl-ea">
         <path>C:\ti\ccsv8\tools\compiler\ti-cgt-arm_18.1.3.LTS\lib\</path>
         <kind>archive</kind>
         <file>rtsv7M4_T_le_v4SPD16_eabi.lib</file>
         <name>hostopen.c.obj</name>
      </input_file>
      <input_file id="fl-eb">
         <path>C:\ti\ccsv8\tools\compiler\ti-cgt-arm_18.1.3.LTS\lib\</path>
         <kind>archive</kind>
         <file>rtsv7M4_T_le_v4SPD16_eabi.lib</file>
         <name>hostread.c.obj</name>
      </input_file>
      <input_file id="fl-ec">
         <path>C:\ti\ccsv8\tools\compiler\ti-cgt-arm_18.1.3.LTS\lib\</path>
         <kind>archive</kind>
         <file>rtsv7M4_T_le_v4SPD16_eabi.lib</file>
         <name>hostrename.c.obj</name>
      </input_file>
      <input_file id="fl-ed">
         <path>C:\ti\ccsv8\tools\compiler\ti-cgt-arm_18.1.3.LTS\lib\</path>
         <kind>archive</kind>
         <file>rtsv7M4_T_le_v4SPD16_eabi.lib</file>
         <name>hostunlink.c.obj</name>
      </input_file>
      <input_file id="fl-ee">
         <path>C:\ti\ccsv8\tools\compiler\ti-cgt-arm_18.1.3.LTS\lib\</path>
         <kind>archive</kind>
         <file>rtsv7M4_T_le_v4SPD16_eabi.lib</file>
         <name>hostwrite.c.obj</name>
      </input_file>
      <input_file id="fl-ef">
         <path>C:\ti\ccsv8\tools\compiler\ti-cgt-arm_18.1.3.LTS\lib\</path>
         <kind>archive</kind>
         <file>rtsv7M4_T_le_v4SPD16_eabi.lib</file>
         <name>trgmsg.c.obj</name>
      </input_file>
      <input_file id="fl-f0">
         <path>C:\ti\ccsv8\tools\compiler\ti-cgt-arm_18.1.3.LTS\lib\</path>
         <kind>archive</kind>
         <file>rtsv7M4_T_le_v4SPD16_eabi.lib</file>
         <name>div0.asm.obj</name>
      </input_file>
      <input_file id="fl-f1">
         <path>C:\ti\ccsv8\tools\compiler\ti-cgt-arm_18.1.3.LTS\lib\</path>
         <kind>archive</kind>
         <file>rtsv7M4_T_le_v4SPD16_eabi.lib</file>
         <name>memory.c.obj</name>
      </input_file>
      <input_file id="fl-f2">
         <path>C:\ti\ccsv8\tools\compiler\ti-cgt-arm_18.1.3.LTS\lib\</path>
         <kind>archive</kind>
         <file>rtsv7M4_T_le_v4SPD16_eabi.lib</file>
         <name>fopen.c.obj</name>
      </input_file>
      <input_file id="fl-f3">
         <path>C:\ti\ccsv8\tools\compiler\ti-cgt-arm_18.1.3.LTS\lib\</path>
         <kind>archive</kind>
         <file>rtsv7M4_T_le_v4SPD16_eabi.lib</file>
         <name>open.c.obj</name>
      </input_file>
      <input_file id="fl-f4">
         <path>C:\ti\ccsv8\tools\compiler\ti-cgt-arm_18.1.3.LTS\lib\</path>
         <kind>archive</kind>
         <file>rtsv7M4_T_le_v4SPD16_eabi.lib</file>
         <name>strcpy.c.obj</name>
      </input_file>
      <input_file id="fl-f5">
         <path>C:\ti\ccsv8\tools\compiler\ti-cgt-arm_18.1.3.LTS\lib\</path>
         <kind>archive</kind>
         <file>rtsv7M4_T_le_v4SPD16_eabi.lib</file>
         <name>fclose.c.obj</name>
      </input_file>
      <input_file id="fl-f6">
         <path>C:\ti\ccsv8\tools\compiler\ti-cgt-arm_18.1.3.LTS\lib\</path>
         <kind>archive</kind>
         <file>rtsv7M4_T_le_v4SPD16_eabi.lib</file>
         <name>getdevice.c.obj</name>
      </input_file>
      <input_file id="fl-f7">
         <path>C:\ti\ccsv8\tools\compiler\ti-cgt-arm_18.1.3.LTS\lib\</path>
         <kind>archive</kind>
         <file>rtsv7M4_T_le_v4SPD16_eabi.lib</file>
         <name>remove.c.obj</name>
      </input_file>
      <input_file id="fl-f8">
         <path>C:\ti\ccsv8\tools\compiler\ti-cgt-arm_18.1.3.LTS\lib\</path>
         <kind>archive</kind>
         <file>rtsv7M4_T_le_v4SPD16_eabi.lib</file>
         <name>strcmp.c.obj</name>
      </input_file>
      <input_file id="fl-f9">
         <path>C:\ti\ccsv8\tools\compiler\ti-cgt-arm_18.1.3.LTS\lib\</path>
         <kind>archive</kind>
         <file>rtsv7M4_T_le_v4SPD16_eabi.lib</file>
         <name>strncpy.c.obj</name>
      </input_file>
      <input_file id="fl-fa">
         <path>C:\ti\ccsv8\tools\compiler\ti-cgt-arm_18.1.3.LTS\lib\</path>
         <kind>archive</kind>
         <file>rtsv7M4_T_le_v4SPD16_eabi.lib</file>
         <name>unlink.c.obj</name>
      </input_file>
      <input_file id="fl-fb">
         <path>C:\ti\ccsv8\tools\compiler\ti-cgt-arm_18.1.3.LTS\lib\</path>
         <kind>archive</kind>
         <file>rtsv7M4_T_le_v4SPD16_eabi.lib</file>
         <name>close.c.obj</name>
      </input_file>
   </input_file_list>
   <object_component_list>
      <object_component id="oc-23">
         <name>.intvecs:retain</name>
         <load_address>0x0</load_address>
         <run_address>0x0</run_address>
         <size>0xe4</size>
         <input_file_ref idref="fl-3"/>
      </object_component>
      <object_component id="oc-97">
         <name>.text</name>
         <load_address>0xe4</load_address>
         <run_address>0xe4</run_address>
         <size>0xa9c</size>
         <input_file_ref idref="fl-2"/>
      </object_component>
      <object_component id="oc-15d">
         <name>.text:__TI_printfi</name>
         <load_address>0xb80</load_address>
         <run_address>0xb80</run_address>
         <size>0xa5e</size>
         <input_file_ref idref="fl-ca"/>
      </object_component>
      <object_component id="oc-1f0">
         <name>.text:_nop</name>
         <load_address>0x15de</load_address>
         <run_address>0x15de</run_address>
         <size>0x2</size>
         <input_file_ref idref="fl-c9"/>
      </object_component>
      <object_component id="oc-a9">
         <name>.text</name>
         <load_address>0x15e0</load_address>
         <run_address>0x15e0</run_address>
         <size>0x334</size>
         <input_file_ref idref="fl-4"/>
      </object_component>
      <object_component id="oc-1cc">
         <name>.text:_pconv_a</name>
         <load_address>0x1914</load_address>
         <run_address>0x1914</run_address>
         <size>0x270</size>
         <input_file_ref idref="fl-ca"/>
      </object_component>
      <object_component id="oc-1ba">
         <name>.text:_pconv_g</name>
         <load_address>0x1b84</load_address>
         <run_address>0x1b84</run_address>
         <size>0x1d0</size>
         <input_file_ref idref="fl-ca"/>
      </object_component>
      <object_component id="oc-257">
         <name>.text</name>
         <load_address>0x1d54</load_address>
         <run_address>0x1d54</run_address>
         <size>0x1b6</size>
         <input_file_ref idref="fl-dd"/>
      </object_component>
      <object_component id="oc-2dd">
         <name>.text</name>
         <load_address>0x1f0a</load_address>
         <run_address>0x1f0a</run_address>
         <size>0x2</size>
         <input_file_ref idref="fl-f0"/>
      </object_component>
      <object_component id="oc-1c6">
         <name>.text:_pconv_e</name>
         <load_address>0x1f0c</load_address>
         <run_address>0x1f0c</run_address>
         <size>0x13c</size>
         <input_file_ref idref="fl-ca"/>
      </object_component>
      <object_component id="oc-23d">
         <name>.text</name>
         <load_address>0x2048</load_address>
         <run_address>0x2048</run_address>
         <size>0x136</size>
         <input_file_ref idref="fl-df"/>
      </object_component>
      <object_component id="oc-269">
         <name>.text:fcvt</name>
         <load_address>0x2180</load_address>
         <run_address>0x2180</run_address>
         <size>0x120</size>
         <input_file_ref idref="fl-ca"/>
      </object_component>
      <object_component id="oc-1fe">
         <name>.text:fputs</name>
         <load_address>0x22a0</load_address>
         <run_address>0x22a0</run_address>
         <size>0x114</size>
         <input_file_ref idref="fl-d0"/>
      </object_component>
      <object_component id="oc-27d">
         <name>.text:scalbn</name>
         <load_address>0x23b4</load_address>
         <run_address>0x23b4</run_address>
         <size>0x110</size>
         <input_file_ref idref="fl-d9"/>
      </object_component>
      <object_component id="oc-238">
         <name>.text</name>
         <load_address>0x24c4</load_address>
         <run_address>0x24c4</run_address>
         <size>0xfc</size>
         <input_file_ref idref="fl-e0"/>
      </object_component>
      <object_component id="oc-318">
         <name>.text:setvbuf</name>
         <load_address>0x25c0</load_address>
         <run_address>0x25c0</run_address>
         <size>0xdc</size>
         <input_file_ref idref="fl-e7"/>
      </object_component>
      <object_component id="oc-346">
         <name>.text:free</name>
         <load_address>0x269c</load_address>
         <run_address>0x269c</run_address>
         <size>0xd8</size>
         <input_file_ref idref="fl-f1"/>
      </object_component>
      <object_component id="oc-1af">
         <name>.text:_ltostr</name>
         <load_address>0x2774</load_address>
         <run_address>0x2774</run_address>
         <size>0xb1</size>
         <input_file_ref idref="fl-ca"/>
      </object_component>
      <object_component id="oc-37">
         <name>.text</name>
         <load_address>0x2826</load_address>
         <run_address>0x2826</run_address>
         <size>0x9c</size>
         <input_file_ref idref="fl-be"/>
      </object_component>
      <object_component id="oc-231">
         <name>.text</name>
         <load_address>0x28c2</load_address>
         <run_address>0x28c2</run_address>
         <size>0x96</size>
         <input_file_ref idref="fl-dc"/>
      </object_component>
      <object_component id="oc-205">
         <name>.text:fputc</name>
         <load_address>0x2958</load_address>
         <run_address>0x2958</run_address>
         <size>0x8c</size>
         <input_file_ref idref="fl-cf"/>
      </object_component>
      <object_component id="oc-1b5">
         <name>.text:__aeabi_cdcmple</name>
         <load_address>0x29e4</load_address>
         <run_address>0x29e4</run_address>
         <size>0x86</size>
         <input_file_ref idref="fl-de"/>
      </object_component>
      <object_component id="oc-242">
         <name>.text:__aeabi_cdrcmple</name>
         <load_address>0x2a6a</load_address>
         <run_address>0x2a6a</run_address>
         <size>0x86</size>
         <input_file_ref idref="fl-de"/>
      </object_component>
      <object_component id="oc-8b">
         <name>.text</name>
         <load_address>0x2af0</load_address>
         <run_address>0x2af0</run_address>
         <size>0x7a</size>
         <input_file_ref idref="fl-c4"/>
      </object_component>
      <object_component id="oc-34c">
         <name>.text:malloc</name>
         <load_address>0x2b6c</load_address>
         <run_address>0x2b6c</run_address>
         <size>0x78</size>
         <input_file_ref idref="fl-f1"/>
      </object_component>
      <object_component id="oc-391">
         <name>.text:__TI_closefile</name>
         <load_address>0x2be4</load_address>
         <run_address>0x2be4</run_address>
         <size>0x74</size>
         <input_file_ref idref="fl-f5"/>
      </object_component>
      <object_component id="oc-262">
         <name>.text:_mcpy</name>
         <load_address>0x2c58</load_address>
         <run_address>0x2c58</run_address>
         <size>0x6e</size>
         <input_file_ref idref="fl-ca"/>
      </object_component>
      <object_component id="oc-3b5">
         <name>.text:HOSTlseek</name>
         <load_address>0x2cc8</load_address>
         <run_address>0x2cc8</run_address>
         <size>0x68</size>
         <input_file_ref idref="fl-e9"/>
      </object_component>
      <object_component id="oc-3c1">
         <name>.text:HOSTrename</name>
         <load_address>0x2d30</load_address>
         <run_address>0x2d30</run_address>
         <size>0x68</size>
         <input_file_ref idref="fl-ec"/>
      </object_component>
      <object_component id="oc-14">
         <name>.text:decompress:lzss:__TI_decompress_lzss</name>
         <load_address>0x2d98</load_address>
         <run_address>0x2d98</run_address>
         <size>0x68</size>
         <input_file_ref idref="fl-c1"/>
      </object_component>
      <object_component id="oc-e3">
         <name>.text:printf</name>
         <load_address>0x2e00</load_address>
         <run_address>0x2e00</run_address>
         <size>0x68</size>
         <input_file_ref idref="fl-c2"/>
      </object_component>
      <object_component id="oc-277">
         <name>.text:frexp</name>
         <load_address>0x2e68</load_address>
         <run_address>0x2e68</run_address>
         <size>0x64</size>
         <input_file_ref idref="fl-d8"/>
      </object_component>
      <object_component id="oc-312">
         <name>.text:fseek</name>
         <load_address>0x2ecc</load_address>
         <run_address>0x2ecc</run_address>
         <size>0x64</size>
         <input_file_ref idref="fl-e5"/>
      </object_component>
      <object_component id="oc-2ae">
         <name>.text:__TI_wrt_ok</name>
         <load_address>0x2f30</load_address>
         <run_address>0x2f30</run_address>
         <size>0x62</size>
         <input_file_ref idref="fl-e3"/>
      </object_component>
      <object_component id="oc-39d">
         <name>.text:HOSTopen</name>
         <load_address>0x2f94</load_address>
         <run_address>0x2f94</run_address>
         <size>0x60</size>
         <input_file_ref idref="fl-ea"/>
      </object_component>
      <object_component id="oc-3d0">
         <name>.text:close</name>
         <load_address>0x2ff4</load_address>
         <run_address>0x2ff4</run_address>
         <size>0x5c</size>
         <input_file_ref idref="fl-fb"/>
      </object_component>
      <object_component id="oc-3a9">
         <name>.text:HOSTread</name>
         <load_address>0x3050</load_address>
         <run_address>0x3050</run_address>
         <size>0x58</size>
         <input_file_ref idref="fl-eb"/>
      </object_component>
      <object_component id="oc-3af">
         <name>.text:HOSTwrite</name>
         <load_address>0x30a8</load_address>
         <run_address>0x30a8</run_address>
         <size>0x58</size>
         <input_file_ref idref="fl-ee"/>
      </object_component>
      <object_component id="oc-1c0">
         <name>.text:_pconv_f</name>
         <load_address>0x3100</load_address>
         <run_address>0x3100</run_address>
         <size>0x56</size>
         <input_file_ref idref="fl-ca"/>
      </object_component>
      <object_component id="oc-24c">
         <name>.text:ltoa</name>
         <load_address>0x3156</load_address>
         <run_address>0x3156</run_address>
         <size>0x54</size>
         <input_file_ref idref="fl-d1"/>
      </object_component>
      <object_component id="oc-25c">
         <name>.text:_ecpy</name>
         <load_address>0x31aa</load_address>
         <run_address>0x31aa</run_address>
         <size>0x52</size>
         <input_file_ref idref="fl-ca"/>
      </object_component>
      <object_component id="oc-2ba">
         <name>.text:__TI_doflush</name>
         <load_address>0x31fc</load_address>
         <run_address>0x31fc</run_address>
         <size>0x4c</size>
         <input_file_ref idref="fl-e4"/>
      </object_component>
      <object_component id="oc-1a9">
         <name>.text:atoi</name>
         <load_address>0x3248</load_address>
         <run_address>0x3248</run_address>
         <size>0x4c</size>
         <input_file_ref idref="fl-cc"/>
      </object_component>
      <object_component id="oc-108">
         <name>.text:exit</name>
         <load_address>0x3294</load_address>
         <run_address>0x3294</run_address>
         <size>0x48</size>
         <input_file_ref idref="fl-c8"/>
      </object_component>
      <object_component id="oc-247">
         <name>.text</name>
         <load_address>0x32dc</load_address>
         <run_address>0x32dc</run_address>
         <size>0x48</size>
         <input_file_ref idref="fl-e1"/>
      </object_component>
      <object_component id="oc-3a3">
         <name>.text:HOSTclose</name>
         <load_address>0x3324</load_address>
         <run_address>0x3324</run_address>
         <size>0x44</size>
         <input_file_ref idref="fl-e8"/>
      </object_component>
      <object_component id="oc-3bb">
         <name>.text:HOSTunlink</name>
         <load_address>0x3368</load_address>
         <run_address>0x3368</run_address>
         <size>0x44</size>
         <input_file_ref idref="fl-ed"/>
      </object_component>
      <object_component id="oc-10e">
         <name>.text:__TI_auto_init_nobinit_nopinit:__TI_auto_init_nobinit_nopinit</name>
         <load_address>0x33ac</load_address>
         <run_address>0x33ac</run_address>
         <size>0x44</size>
         <input_file_ref idref="fl-c5"/>
      </object_component>
      <object_component id="oc-405">
         <name>.text:getdevice</name>
         <load_address>0x33f0</load_address>
         <run_address>0x33f0</run_address>
         <size>0x44</size>
         <input_file_ref idref="fl-f6"/>
      </object_component>
      <object_component id="oc-26f">
         <name>.text:_fcpy</name>
         <load_address>0x3434</load_address>
         <run_address>0x3434</run_address>
         <size>0x3e</size>
         <input_file_ref idref="fl-ca"/>
      </object_component>
      <object_component id="oc-386">
         <name>.text:minsert</name>
         <load_address>0x3474</load_address>
         <run_address>0x3474</run_address>
         <size>0x3c</size>
         <input_file_ref idref="fl-f1"/>
      </object_component>
      <object_component id="oc-3e1">
         <name>.text:__TI_writemsg</name>
         <load_address>0x34b0</load_address>
         <run_address>0x34b0</run_address>
         <size>0x38</size>
         <input_file_ref idref="fl-ef"/>
      </object_component>
      <object_component id="oc-55">
         <name>.text:_c_int00_noargs:_c_int00_noargs</name>
         <load_address>0x34e8</load_address>
         <run_address>0x34e8</run_address>
         <size>0x38</size>
         <input_file_ref idref="fl-c3"/>
      </object_component>
      <object_component id="oc-37a">
         <name>.text:minit</name>
         <load_address>0x3520</load_address>
         <run_address>0x3520</run_address>
         <size>0x38</size>
         <input_file_ref idref="fl-f1"/>
      </object_component>
      <object_component id="oc-427">
         <name>.text:strncpy</name>
         <load_address>0x3558</load_address>
         <run_address>0x3558</run_address>
         <size>0x36</size>
         <input_file_ref idref="fl-f9"/>
      </object_component>
      <object_component id="oc-352">
         <name>.text:__TI_cleanup</name>
         <load_address>0x3590</load_address>
         <run_address>0x3590</run_address>
         <size>0x34</size>
         <input_file_ref idref="fl-f2"/>
      </object_component>
      <object_component id="oc-3e7">
         <name>.text:__TI_readmsg</name>
         <load_address>0x35c4</load_address>
         <run_address>0x35c4</run_address>
         <size>0x34</size>
         <input_file_ref idref="fl-ef"/>
      </object_component>
      <object_component id="oc-42d">
         <name>.text:finddevice</name>
         <load_address>0x35f8</load_address>
         <run_address>0x35f8</run_address>
         <size>0x30</size>
         <input_file_ref idref="fl-f6"/>
      </object_component>
      <object_component id="oc-252">
         <name>.text</name>
         <load_address>0x3628</load_address>
         <run_address>0x3628</run_address>
         <size>0x2e</size>
         <input_file_ref idref="fl-e2"/>
      </object_component>
      <object_component id="oc-3d6">
         <name>.text:unlink</name>
         <load_address>0x3658</load_address>
         <run_address>0x3658</run_address>
         <size>0x2c</size>
         <input_file_ref idref="fl-fa"/>
      </object_component>
      <object_component id="oc-33e">
         <name>.text:lseek</name>
         <load_address>0x3684</load_address>
         <run_address>0x3684</run_address>
         <size>0x28</size>
         <input_file_ref idref="fl-e6"/>
      </object_component>
      <object_component id="oc-380">
         <name>.text:mremove</name>
         <load_address>0x36ac</load_address>
         <run_address>0x36ac</run_address>
         <size>0x28</size>
         <input_file_ref idref="fl-f1"/>
      </object_component>
      <object_component id="oc-2c0">
         <name>.text:write</name>
         <load_address>0x36d4</load_address>
         <run_address>0x36d4</run_address>
         <size>0x28</size>
         <input_file_ref idref="fl-d6"/>
      </object_component>
      <object_component id="oc-2b4">
         <name>.text:memchr</name>
         <load_address>0x36fc</load_address>
         <run_address>0x36fc</run_address>
         <size>0x20</size>
         <input_file_ref idref="fl-d3"/>
      </object_component>
      <object_component id="oc-1d2">
         <name>.text:memccpy</name>
         <load_address>0x371c</load_address>
         <run_address>0x371c</run_address>
         <size>0x1c</size>
         <input_file_ref idref="fl-d2"/>
      </object_component>
      <object_component id="oc-444">
         <name>.text:strcmp</name>
         <load_address>0x3738</load_address>
         <run_address>0x3738</run_address>
         <size>0x18</size>
         <input_file_ref idref="fl-f8"/>
      </object_component>
      <object_component id="oc-283">
         <name>.text:strchr</name>
         <load_address>0x3750</load_address>
         <run_address>0x3750</run_address>
         <size>0x16</size>
         <input_file_ref idref="fl-d4"/>
      </object_component>
      <object_component id="oc-2f6">
         <name>.text:copysign</name>
         <load_address>0x3766</load_address>
         <run_address>0x3766</run_address>
         <size>0x14</size>
         <input_file_ref idref="fl-db"/>
      </object_component>
      <object_component id="oc-3fb">
         <name>.text:strcpy</name>
         <load_address>0x377a</load_address>
         <run_address>0x377a</run_address>
         <size>0x14</size>
         <input_file_ref idref="fl-f4"/>
      </object_component>
      <object_component id="oc-1a3">
         <name>.text:strlen</name>
         <load_address>0x378e</load_address>
         <run_address>0x378e</run_address>
         <size>0x14</size>
         <input_file_ref idref="fl-d5"/>
      </object_component>
      <object_component id="oc-43">
         <name>.text:decompress:ZI:__TI_zero_init_nomemset:__TI_zero_init_nomemset</name>
         <load_address>0x37a2</load_address>
         <run_address>0x37a2</run_address>
         <size>0x12</size>
         <input_file_ref idref="fl-bf"/>
      </object_component>
      <object_component id="oc-1d8">
         <name>.text:wcslen</name>
         <load_address>0x37b4</load_address>
         <run_address>0x37b4</run_address>
         <size>0x12</size>
         <input_file_ref idref="fl-da"/>
      </object_component>
      <object_component id="oc-1a">
         <name>.text:decompress:none:__TI_decompress_none</name>
         <load_address>0x37c6</load_address>
         <run_address>0x37c6</run_address>
         <size>0xe</size>
         <input_file_ref idref="fl-c0"/>
      </object_component>
      <object_component id="oc-67">
         <name>.text</name>
         <load_address>0x37d4</load_address>
         <run_address>0x37d4</run_address>
         <size>0xe</size>
         <input_file_ref idref="fl-3"/>
      </object_component>
      <object_component id="oc-1de">
         <name>.text:__aeabi_errno_addr</name>
         <load_address>0x37e4</load_address>
         <run_address>0x37e4</run_address>
         <size>0x8</size>
         <input_file_ref idref="fl-d7"/>
      </object_component>
      <object_component id="oc-16f">
         <name>.text:_outc</name>
         <load_address>0x37ec</load_address>
         <run_address>0x37ec</run_address>
         <size>0x4</size>
         <input_file_ref idref="fl-c2"/>
      </object_component>
      <object_component id="oc-169">
         <name>.text:_outs</name>
         <load_address>0x37f0</load_address>
         <run_address>0x37f0</run_address>
         <size>0x4</size>
         <input_file_ref idref="fl-c2"/>
      </object_component>
      <object_component id="oc-91">
         <name>.text:_system_pre_init</name>
         <load_address>0x37f4</load_address>
         <run_address>0x37f4</run_address>
         <size>0x4</size>
         <input_file_ref idref="fl-c6"/>
      </object_component>
      <object_component id="oc-102">
         <name>.text:abort:abort</name>
         <load_address>0x37f8</load_address>
         <run_address>0x37f8</run_address>
         <size>0x4</size>
         <input_file_ref idref="fl-c8"/>
      </object_component>
      <object_component id="oc-22c">
         <name>.const:.string:_ctypes_</name>
         <load_address>0x37fc</load_address>
         <run_address>0x37fc</run_address>
         <size>0x101</size>
         <input_file_ref idref="fl-cd"/>
      </object_component>
      <object_component id="oc-d9">
         <name>.const:.string:$P$T2$3</name>
         <load_address>0x38fd</load_address>
         <run_address>0x38fd</run_address>
         <size>0x19</size>
         <input_file_ref idref="fl-2"/>
      </object_component>
      <object_component id="oc-ef">
         <name>.const:.string:$P$T6$7</name>
         <load_address>0x3916</load_address>
         <run_address>0x3916</run_address>
         <size>0x19</size>
         <input_file_ref idref="fl-2"/>
      </object_component>
      <object_component id="oc-d3">
         <name>.const:.string:$P$T0$1</name>
         <load_address>0x392f</load_address>
         <run_address>0x392f</run_address>
         <size>0x15</size>
         <input_file_ref idref="fl-2"/>
      </object_component>
      <object_component id="oc-e9">
         <name>.const:.string:$P$T4$5</name>
         <load_address>0x3944</load_address>
         <run_address>0x3944</run_address>
         <size>0x15</size>
         <input_file_ref idref="fl-2"/>
      </object_component>
      <object_component id="oc-d6">
         <name>.const:.string:$P$T1$2</name>
         <load_address>0x3959</load_address>
         <run_address>0x3959</run_address>
         <size>0x11</size>
         <input_file_ref idref="fl-2"/>
      </object_component>
      <object_component id="oc-ec">
         <name>.const:.string:$P$T5$6</name>
         <load_address>0x396a</load_address>
         <run_address>0x396a</run_address>
         <size>0x11</size>
         <input_file_ref idref="fl-2"/>
      </object_component>
      <object_component id="oc-dc">
         <name>.const:.string:$P$T3$4</name>
         <load_address>0x397b</load_address>
         <run_address>0x397b</run_address>
         <size>0xa</size>
         <input_file_ref idref="fl-2"/>
      </object_component>
      <object_component id="oc-f2">
         <name>.const:.string:$P$T7$8</name>
         <load_address>0x3985</load_address>
         <run_address>0x3985</run_address>
         <size>0xa</size>
         <input_file_ref idref="fl-2"/>
      </object_component>
      <object_component id="oc-482">
         <name>.cinit..data.load</name>
         <load_address>0x3990</load_address>
         <run_address>0x3990</run_address>
         <size>0x71</size>
      </object_component>
      <object_component id="oc-480">
         <name>__TI_handler_table</name>
         <load_address>0x3a04</load_address>
         <run_address>0x3a04</run_address>
         <size>0xc</size>
      </object_component>
      <object_component id="oc-483">
         <name>.cinit..bss.load</name>
         <load_address>0x3a10</load_address>
         <run_address>0x3a10</run_address>
         <size>0x8</size>
      </object_component>
      <object_component id="oc-481">
         <name>__TI_cinit_table</name>
         <load_address>0x3a18</load_address>
         <run_address>0x3a18</run_address>
         <size>0x10</size>
      </object_component>
      <object_component id="oc-455">
         <name>.binit</name>
         <load_address>0x0</load_address>
         <run_address>0x0</run_address>
         <size>0x0</size>
      </object_component>
      <object_component id="oc-140">
         <name>.data</name>
         <load_address>0x200005ec</load_address>
         <run_address>0x200005ec</run_address>
         <size>0x4</size>
         <input_file_ref idref="fl-4"/>
      </object_component>
      <object_component id="oc-185">
         <name>.data:$O1$$</name>
         <load_address>0x200005c8</load_address>
         <run_address>0x200005c8</run_address>
         <size>0xc</size>
         <input_file_ref idref="fl-c8"/>
      </object_component>
      <object_component id="oc-163">
         <name>.data:$O1$$</name>
         <load_address>0x200005e0</load_address>
         <run_address>0x200005e0</run_address>
         <size>0x8</size>
         <input_file_ref idref="fl-c9"/>
      </object_component>
      <object_component id="oc-166">
         <name>.data:_ftable</name>
         <load_address>0x20000400</load_address>
         <run_address>0x20000400</run_address>
         <size>0xf0</size>
         <input_file_ref idref="fl-ce"/>
      </object_component>
      <object_component id="oc-397">
         <name>.data</name>
         <load_address>0x200005b8</load_address>
         <run_address>0x200005b8</run_address>
         <size>0x10</size>
         <input_file_ref idref="fl-ce"/>
      </object_component>
      <object_component id="oc-365">
         <name>.data:_device</name>
         <load_address>0x200004f0</load_address>
         <run_address>0x200004f0</run_address>
         <size>0x78</size>
         <input_file_ref idref="fl-d6"/>
      </object_component>
      <object_component id="oc-324">
         <name>.data:_stream</name>
         <load_address>0x20000568</load_address>
         <run_address>0x20000568</run_address>
         <size>0x50</size>
         <input_file_ref idref="fl-d6"/>
      </object_component>
      <object_component id="oc-293">
         <name>.data</name>
         <load_address>0x200005e8</load_address>
         <run_address>0x200005e8</run_address>
         <size>0x4</size>
         <input_file_ref idref="fl-d7"/>
      </object_component>
      <object_component id="oc-38c">
         <name>.data:$O1$$</name>
         <load_address>0x200005d4</load_address>
         <run_address>0x200005d4</run_address>
         <size>0xc</size>
         <input_file_ref idref="fl-f1"/>
      </object_component>
      <object_component id="oc-40f">
         <name>.bss:_CIOBUF_</name>
         <uninitialized>true</uninitialized>
         <run_address>0x200005f0</run_address>
         <size>0x120</size>
         <input_file_ref idref="fl-ef"/>
      </object_component>
      <object_component id="oc-e2">
         <name>.common:menu_flag</name>
         <uninitialized>true</uninitialized>
         <run_address>0x200007c0</run_address>
         <size>0x4</size>
      </object_component>
      <object_component id="oc-df">
         <name>.common:menu_variable</name>
         <uninitialized>true</uninitialized>
         <run_address>0x200007c4</run_address>
         <size>0x4</size>
      </object_component>
      <object_component id="oc-f6">
         <name>.common:door_flag</name>
         <uninitialized>true</uninitialized>
         <run_address>0x200007b8</run_address>
         <size>0x4</size>
      </object_component>
      <object_component id="oc-f5">
         <name>.common:door_variable</name>
         <uninitialized>true</uninitialized>
         <run_address>0x200007bc</run_address>
         <size>0x4</size>
      </object_component>
      <object_component id="oc-3dc">
         <name>.common:__TI_tmpnams</name>
         <uninitialized>true</uninitialized>
         <run_address>0x20000710</run_address>
         <size>0xa0</size>
      </object_component>
      <object_component id="oc-3ed">
         <name>.common:parmbuf</name>
         <uninitialized>true</uninitialized>
         <run_address>0x200007b0</run_address>
         <size>0x8</size>
      </object_component>
      <object_component id="oc-29">
         <name>.sysmem</name>
         <uninitialized>true</uninitialized>
         <run_address>0x20000000</run_address>
         <size>0x8</size>
         <input_file_ref idref="fl-f1"/>
      </object_component>
      <object_component id="oc-485">
         <name>.sysmem</name>
         <uninitialized>true</uninitialized>
         <run_address>0x20000000</run_address>
         <size>0x0</size>
      </object_component>
      <object_component id="oc-26">
         <name>.stack</name>
         <uninitialized>true</uninitialized>
         <run_address>0x2000fe00</run_address>
         <size>0x4</size>
         <input_file_ref idref="fl-c3"/>
      </object_component>
      <object_component id="oc-484">
         <name>.stack</name>
         <uninitialized>true</uninitialized>
         <run_address>0x2000fe00</run_address>
         <size>0x0</size>
      </object_component>
      <object_component id="oc-e0">
         <name>.debug_info</name>
         <load_address>0x0</load_address>
         <run_address>0x0</run_address>
         <size>0x683</size>
         <input_file_ref idref="fl-2"/>
      </object_component>
      <object_component id="oc-d4">
         <name>.debug_info</name>
         <load_address>0x683</load_address>
         <run_address>0x683</run_address>
         <size>0xe4</size>
         <input_file_ref idref="fl-2"/>
      </object_component>
      <object_component id="oc-d7">
         <name>.debug_info</name>
         <load_address>0x767</load_address>
         <run_address>0x767</run_address>
         <size>0xe4</size>
         <input_file_ref idref="fl-2"/>
      </object_component>
      <object_component id="oc-da">
         <name>.debug_info</name>
         <load_address>0x84b</load_address>
         <run_address>0x84b</run_address>
         <size>0xe4</size>
         <input_file_ref idref="fl-2"/>
      </object_component>
      <object_component id="oc-dd">
         <name>.debug_info</name>
         <load_address>0x92f</load_address>
         <run_address>0x92f</run_address>
         <size>0xe4</size>
         <input_file_ref idref="fl-2"/>
      </object_component>
      <object_component id="oc-ea">
         <name>.debug_info</name>
         <load_address>0xa13</load_address>
         <run_address>0xa13</run_address>
         <size>0xe4</size>
         <input_file_ref idref="fl-2"/>
      </object_component>
      <object_component id="oc-ed">
         <name>.debug_info</name>
         <load_address>0xaf7</load_address>
         <run_address>0xaf7</run_address>
         <size>0xe4</size>
         <input_file_ref idref="fl-2"/>
      </object_component>
      <object_component id="oc-f0">
         <name>.debug_info</name>
         <load_address>0xbdb</load_address>
         <run_address>0xbdb</run_address>
         <size>0xe4</size>
         <input_file_ref idref="fl-2"/>
      </object_component>
      <object_component id="oc-f3">
         <name>.debug_info</name>
         <load_address>0xcbf</load_address>
         <run_address>0xcbf</run_address>
         <size>0xe4</size>
         <input_file_ref idref="fl-2"/>
      </object_component>
      <object_component id="oc-98">
         <name>.debug_info</name>
         <load_address>0xda3</load_address>
         <run_address>0xda3</run_address>
         <size>0xc84</size>
         <input_file_ref idref="fl-2"/>
      </object_component>
      <object_component id="oc-153">
         <name>.debug_info</name>
         <load_address>0x1a27</load_address>
         <run_address>0x1a27</run_address>
         <size>0x37e2</size>
         <input_file_ref idref="fl-2"/>
      </object_component>
      <object_component id="oc-158">
         <name>.debug_info</name>
         <load_address>0x5209</load_address>
         <run_address>0x5209</run_address>
         <size>0x1055</size>
         <input_file_ref idref="fl-2"/>
      </object_component>
      <object_component id="oc-b2">
         <name>.debug_info</name>
         <load_address>0x625e</load_address>
         <run_address>0x625e</run_address>
         <size>0x26b</size>
         <input_file_ref idref="fl-2"/>
      </object_component>
      <object_component id="oc-32">
         <name>.debug_info</name>
         <load_address>0x64c9</load_address>
         <run_address>0x64c9</run_address>
         <size>0x84</size>
         <input_file_ref idref="fl-2"/>
      </object_component>
      <object_component id="oc-144">
         <name>.debug_info</name>
         <load_address>0x654d</load_address>
         <run_address>0x654d</run_address>
         <size>0x297</size>
         <input_file_ref idref="fl-2"/>
      </object_component>
      <object_component id="oc-fd">
         <name>.debug_info</name>
         <load_address>0x67e4</load_address>
         <run_address>0x67e4</run_address>
         <size>0xbb</size>
         <input_file_ref idref="fl-2"/>
      </object_component>
      <object_component id="oc-177">
         <name>.debug_info</name>
         <load_address>0x689f</load_address>
         <run_address>0x689f</run_address>
         <size>0x2c</size>
         <input_file_ref idref="fl-2"/>
      </object_component>
      <object_component id="oc-f8">
         <name>.debug_info</name>
         <load_address>0x68cb</load_address>
         <run_address>0x68cb</run_address>
         <size>0x51</size>
         <input_file_ref idref="fl-2"/>
      </object_component>
      <object_component id="oc-6f">
         <name>.debug_info</name>
         <load_address>0x691c</load_address>
         <run_address>0x691c</run_address>
         <size>0x2de</size>
         <input_file_ref idref="fl-3"/>
      </object_component>
      <object_component id="oc-24">
         <name>.debug_info</name>
         <load_address>0x6bfa</load_address>
         <run_address>0x6bfa</run_address>
         <size>0x10a</size>
         <input_file_ref idref="fl-3"/>
      </object_component>
      <object_component id="oc-68">
         <name>.debug_info</name>
         <load_address>0x6d04</load_address>
         <run_address>0x6d04</run_address>
         <size>0x1d1</size>
         <input_file_ref idref="fl-3"/>
      </object_component>
      <object_component id="oc-141">
         <name>.debug_info</name>
         <load_address>0x6ed5</load_address>
         <run_address>0x6ed5</run_address>
         <size>0x103</size>
         <input_file_ref idref="fl-4"/>
      </object_component>
      <object_component id="oc-aa">
         <name>.debug_info</name>
         <load_address>0x6fd8</load_address>
         <run_address>0x6fd8</run_address>
         <size>0x275</size>
         <input_file_ref idref="fl-4"/>
      </object_component>
      <object_component id="oc-3a">
         <name>.debug_info</name>
         <load_address>0x724d</load_address>
         <run_address>0x724d</run_address>
         <size>0x111</size>
         <input_file_ref idref="fl-be"/>
      </object_component>
      <object_component id="oc-8a">
         <name>.debug_info</name>
         <load_address>0x735e</load_address>
         <run_address>0x735e</run_address>
         <size>0x313</size>
         <input_file_ref idref="fl-bf"/>
      </object_component>
      <object_component id="oc-47">
         <name>.debug_info</name>
         <load_address>0x7671</load_address>
         <run_address>0x7671</run_address>
         <size>0x1b4</size>
         <input_file_ref idref="fl-bf"/>
      </object_component>
      <object_component id="oc-85">
         <name>.debug_info</name>
         <load_address>0x7825</load_address>
         <run_address>0x7825</run_address>
         <size>0x46</size>
         <input_file_ref idref="fl-bf"/>
      </object_component>
      <object_component id="oc-ca">
         <name>.debug_info</name>
         <load_address>0x786b</load_address>
         <run_address>0x786b</run_address>
         <size>0x2c</size>
         <input_file_ref idref="fl-bf"/>
      </object_component>
      <object_component id="oc-42">
         <name>.debug_info</name>
         <load_address>0x7897</load_address>
         <run_address>0x7897</run_address>
         <size>0x29d</size>
         <input_file_ref idref="fl-c0"/>
      </object_component>
      <object_component id="oc-1b">
         <name>.debug_info</name>
         <load_address>0x7b34</load_address>
         <run_address>0x7b34</run_address>
         <size>0x1df</size>
         <input_file_ref idref="fl-c0"/>
      </object_component>
      <object_component id="oc-3d">
         <name>.debug_info</name>
         <load_address>0x7d13</load_address>
         <run_address>0x7d13</run_address>
         <size>0x46</size>
         <input_file_ref idref="fl-c0"/>
      </object_component>
      <object_component id="oc-7d">
         <name>.debug_info</name>
         <load_address>0x7d59</load_address>
         <run_address>0x7d59</run_address>
         <size>0x2c</size>
         <input_file_ref idref="fl-c0"/>
      </object_component>
      <object_component id="oc-7b">
         <name>.debug_info</name>
         <load_address>0x7d85</load_address>
         <run_address>0x7d85</run_address>
         <size>0x293</size>
         <input_file_ref idref="fl-c1"/>
      </object_component>
      <object_component id="oc-16">
         <name>.debug_info</name>
         <load_address>0x8018</load_address>
         <run_address>0x8018</run_address>
         <size>0x245</size>
         <input_file_ref idref="fl-c1"/>
      </object_component>
      <object_component id="oc-2d">
         <name>.debug_info</name>
         <load_address>0x825d</load_address>
         <run_address>0x825d</run_address>
         <size>0x60</size>
         <input_file_ref idref="fl-c1"/>
      </object_component>
      <object_component id="oc-c3">
         <name>.debug_info</name>
         <load_address>0x82bd</load_address>
         <run_address>0x82bd</run_address>
         <size>0x46</size>
         <input_file_ref idref="fl-c1"/>
      </object_component>
      <object_component id="oc-76">
         <name>.debug_info</name>
         <load_address>0x8303</load_address>
         <run_address>0x8303</run_address>
         <size>0x39</size>
         <input_file_ref idref="fl-c1"/>
      </object_component>
      <object_component id="oc-176">
         <name>.debug_info</name>
         <load_address>0x833c</load_address>
         <run_address>0x833c</run_address>
         <size>0x3da</size>
         <input_file_ref idref="fl-c2"/>
      </object_component>
      <object_component id="oc-173">
         <name>.debug_info</name>
         <load_address>0x8716</load_address>
         <run_address>0x8716</run_address>
         <size>0x14c</size>
         <input_file_ref idref="fl-c2"/>
      </object_component>
      <object_component id="oc-16d">
         <name>.debug_info</name>
         <load_address>0x8862</load_address>
         <run_address>0x8862</run_address>
         <size>0x15b</size>
         <input_file_ref idref="fl-c2"/>
      </object_component>
      <object_component id="oc-e7">
         <name>.debug_info</name>
         <load_address>0x89bd</load_address>
         <run_address>0x89bd</run_address>
         <size>0x1a1</size>
         <input_file_ref idref="fl-c2"/>
      </object_component>
      <object_component id="oc-20e">
         <name>.debug_info</name>
         <load_address>0x8b5e</load_address>
         <run_address>0x8b5e</run_address>
         <size>0xb2</size>
         <input_file_ref idref="fl-c2"/>
      </object_component>
      <object_component id="oc-27">
         <name>.debug_info</name>
         <load_address>0x8c10</load_address>
         <run_address>0x8c10</run_address>
         <size>0x100</size>
         <input_file_ref idref="fl-c3"/>
      </object_component>
      <object_component id="oc-59">
         <name>.debug_info</name>
         <load_address>0x8d10</load_address>
         <run_address>0x8d10</run_address>
         <size>0x1a4</size>
         <input_file_ref idref="fl-c3"/>
      </object_component>
      <object_component id="oc-8c">
         <name>.debug_info</name>
         <load_address>0x8eb4</load_address>
         <run_address>0x8eb4</run_address>
         <size>0x13f</size>
         <input_file_ref idref="fl-c4"/>
      </object_component>
      <object_component id="oc-18c">
         <name>.debug_info</name>
         <load_address>0x8ff3</load_address>
         <run_address>0x8ff3</run_address>
         <size>0x547</size>
         <input_file_ref idref="fl-c5"/>
      </object_component>
      <object_component id="oc-111">
         <name>.debug_info</name>
         <load_address>0x953a</load_address>
         <run_address>0x953a</run_address>
         <size>0x19b</size>
         <input_file_ref idref="fl-c5"/>
      </object_component>
      <object_component id="oc-219">
         <name>.debug_info</name>
         <load_address>0x96d5</load_address>
         <run_address>0x96d5</run_address>
         <size>0x39</size>
         <input_file_ref idref="fl-c5"/>
      </object_component>
      <object_component id="oc-2ca">
         <name>.debug_info</name>
         <load_address>0x970e</load_address>
         <run_address>0x970e</run_address>
         <size>0x39</size>
         <input_file_ref idref="fl-c5"/>
      </object_component>
      <object_component id="oc-21e">
         <name>.debug_info</name>
         <load_address>0x9747</load_address>
         <run_address>0x9747</run_address>
         <size>0x39</size>
         <input_file_ref idref="fl-c5"/>
      </object_component>
      <object_component id="oc-223">
         <name>.debug_info</name>
         <load_address>0x9780</load_address>
         <run_address>0x9780</run_address>
         <size>0xcd</size>
         <input_file_ref idref="fl-c5"/>
      </object_component>
      <object_component id="oc-92">
         <name>.debug_info</name>
         <load_address>0x984d</load_address>
         <run_address>0x984d</run_address>
         <size>0x148</size>
         <input_file_ref idref="fl-c6"/>
      </object_component>
      <object_component id="oc-189">
         <name>.debug_info</name>
         <load_address>0x9995</load_address>
         <run_address>0x9995</run_address>
         <size>0x3a2</size>
         <input_file_ref idref="fl-c8"/>
      </object_component>
      <object_component id="oc-186">
         <name>.debug_info</name>
         <load_address>0x9d37</load_address>
         <run_address>0x9d37</run_address>
         <size>0x185</size>
         <input_file_ref idref="fl-c8"/>
      </object_component>
      <object_component id="oc-105">
         <name>.debug_info</name>
         <load_address>0x9ebc</load_address>
         <run_address>0x9ebc</run_address>
         <size>0x117</size>
         <input_file_ref idref="fl-c8"/>
      </object_component>
      <object_component id="oc-10b">
         <name>.debug_info</name>
         <load_address>0x9fd3</load_address>
         <run_address>0x9fd3</run_address>
         <size>0x179</size>
         <input_file_ref idref="fl-c8"/>
      </object_component>
      <object_component id="oc-1f8">
         <name>.debug_info</name>
         <load_address>0xa14c</load_address>
         <run_address>0xa14c</run_address>
         <size>0x2be</size>
         <input_file_ref idref="fl-c9"/>
      </object_component>
      <object_component id="oc-164">
         <name>.debug_info</name>
         <load_address>0xa40a</load_address>
         <run_address>0xa40a</run_address>
         <size>0x113</size>
         <input_file_ref idref="fl-c9"/>
      </object_component>
      <object_component id="oc-1f1">
         <name>.debug_info</name>
         <load_address>0xa51d</load_address>
         <run_address>0xa51d</run_address>
         <size>0x123</size>
         <input_file_ref idref="fl-c9"/>
      </object_component>
      <object_component id="oc-1e5">
         <name>.debug_info</name>
         <load_address>0xa640</load_address>
         <run_address>0xa640</run_address>
         <size>0x8a6</size>
         <input_file_ref idref="fl-ca"/>
      </object_component>
      <object_component id="oc-1b0">
         <name>.debug_info</name>
         <load_address>0xaee6</load_address>
         <run_address>0xaee6</run_address>
         <size>0x213</size>
         <input_file_ref idref="fl-ca"/>
      </object_component>
      <object_component id="oc-25d">
         <name>.debug_info</name>
         <load_address>0xb0f9</load_address>
         <run_address>0xb0f9</run_address>
         <size>0x1a8</size>
         <input_file_ref idref="fl-ca"/>
      </object_component>
      <object_component id="oc-263">
         <name>.debug_info</name>
         <load_address>0xb2a1</load_address>
         <run_address>0xb2a1</run_address>
         <size>0x210</size>
         <input_file_ref idref="fl-ca"/>
      </object_component>
      <object_component id="oc-1bb">
         <name>.debug_info</name>
         <load_address>0xb4b1</load_address>
         <run_address>0xb4b1</run_address>
         <size>0x3b0</size>
         <input_file_ref idref="fl-ca"/>
      </object_component>
      <object_component id="oc-26a">
         <name>.debug_info</name>
         <load_address>0xb861</load_address>
         <run_address>0xb861</run_address>
         <size>0x2fa</size>
         <input_file_ref idref="fl-ca"/>
      </object_component>
      <object_component id="oc-270">
         <name>.debug_info</name>
         <load_address>0xbb5b</load_address>
         <run_address>0xbb5b</run_address>
         <size>0x20a</size>
         <input_file_ref idref="fl-ca"/>
      </object_component>
      <object_component id="oc-1c1">
         <name>.debug_info</name>
         <load_address>0xbd65</load_address>
         <run_address>0xbd65</run_address>
         <size>0x20a</size>
         <input_file_ref idref="fl-ca"/>
      </object_component>
      <object_component id="oc-1c7">
         <name>.debug_info</name>
         <load_address>0xbf6f</load_address>
         <run_address>0xbf6f</run_address>
         <size>0x2f9</size>
         <input_file_ref idref="fl-ca"/>
      </object_component>
      <object_component id="oc-1cd">
         <name>.debug_info</name>
         <load_address>0xc268</load_address>
         <run_address>0xc268</run_address>
         <size>0x4a5</size>
         <input_file_ref idref="fl-ca"/>
      </object_component>
      <object_component id="oc-15e">
         <name>.debug_info</name>
         <load_address>0xc70d</load_address>
         <run_address>0xc70d</run_address>
         <size>0x5cd</size>
         <input_file_ref idref="fl-ca"/>
      </object_component>
      <object_component id="oc-1e6">
         <name>.debug_info</name>
         <load_address>0xccda</load_address>
         <run_address>0xccda</run_address>
         <size>0x86</size>
         <input_file_ref idref="fl-ca"/>
      </object_component>
      <object_component id="oc-29f">
         <name>.debug_info</name>
         <load_address>0xcd60</load_address>
         <run_address>0xcd60</run_address>
         <size>0x39</size>
         <input_file_ref idref="fl-ca"/>
      </object_component>
      <object_component id="oc-30d">
         <name>.debug_info</name>
         <load_address>0xcd99</load_address>
         <run_address>0xcd99</run_address>
         <size>0xb6</size>
         <input_file_ref idref="fl-ca"/>
      </object_component>
      <object_component id="oc-2a4">
         <name>.debug_info</name>
         <load_address>0xce4f</load_address>
         <run_address>0xce4f</run_address>
         <size>0x46</size>
         <input_file_ref idref="fl-ca"/>
      </object_component>
      <object_component id="oc-1eb">
         <name>.debug_info</name>
         <load_address>0xce95</load_address>
         <run_address>0xce95</run_address>
         <size>0x46</size>
         <input_file_ref idref="fl-ca"/>
      </object_component>
      <object_component id="oc-29a">
         <name>.debug_info</name>
         <load_address>0xcedb</load_address>
         <run_address>0xcedb</run_address>
         <size>0x2c</size>
         <input_file_ref idref="fl-ca"/>
      </object_component>
      <object_component id="oc-230">
         <name>.debug_info</name>
         <load_address>0xcf07</load_address>
         <run_address>0xcf07</run_address>
         <size>0x2ae</size>
         <input_file_ref idref="fl-cc"/>
      </object_component>
      <object_component id="oc-1ad">
         <name>.debug_info</name>
         <load_address>0xd1b5</load_address>
         <run_address>0xd1b5</run_address>
         <size>0x171</size>
         <input_file_ref idref="fl-cc"/>
      </object_component>
      <object_component id="oc-2da">
         <name>.debug_info</name>
         <load_address>0xd326</load_address>
         <run_address>0xd326</run_address>
         <size>0xee</size>
         <input_file_ref idref="fl-cd"/>
      </object_component>
      <object_component id="oc-22d">
         <name>.debug_info</name>
         <load_address>0xd414</load_address>
         <run_address>0xd414</run_address>
         <size>0xfa</size>
         <input_file_ref idref="fl-cd"/>
      </object_component>
      <object_component id="oc-1fc">
         <name>.debug_info</name>
         <load_address>0xd50e</load_address>
         <run_address>0xd50e</run_address>
         <size>0x139</size>
         <input_file_ref idref="fl-ce"/>
      </object_component>
      <object_component id="oc-167">
         <name>.debug_info</name>
         <load_address>0xd647</load_address>
         <run_address>0xd647</run_address>
         <size>0xf7</size>
         <input_file_ref idref="fl-ce"/>
      </object_component>
      <object_component id="oc-398">
         <name>.debug_info</name>
         <load_address>0xd73e</load_address>
         <run_address>0xd73e</run_address>
         <size>0x184</size>
         <input_file_ref idref="fl-ce"/>
      </object_component>
      <object_component id="oc-2c9">
         <name>.debug_info</name>
         <load_address>0xd8c2</load_address>
         <run_address>0xd8c2</run_address>
         <size>0x378</size>
         <input_file_ref idref="fl-cf"/>
      </object_component>
      <object_component id="oc-208">
         <name>.debug_info</name>
         <load_address>0xdc3a</load_address>
         <run_address>0xdc3a</run_address>
         <size>0x1df</size>
         <input_file_ref idref="fl-cf"/>
      </object_component>
      <object_component id="oc-2c7">
         <name>.debug_info</name>
         <load_address>0xde19</load_address>
         <run_address>0xde19</run_address>
         <size>0x3f1</size>
         <input_file_ref idref="fl-d0"/>
      </object_component>
      <object_component id="oc-1ff">
         <name>.debug_info</name>
         <load_address>0xe20a</load_address>
         <run_address>0xe20a</run_address>
         <size>0x2d7</size>
         <input_file_ref idref="fl-d0"/>
      </object_component>
      <object_component id="oc-2e8">
         <name>.debug_info</name>
         <load_address>0xe4e1</load_address>
         <run_address>0xe4e1</run_address>
         <size>0x290</size>
         <input_file_ref idref="fl-d1"/>
      </object_component>
      <object_component id="oc-24d">
         <name>.debug_info</name>
         <load_address>0xe771</load_address>
         <run_address>0xe771</run_address>
         <size>0x1c2</size>
         <input_file_ref idref="fl-d1"/>
      </object_component>
      <object_component id="oc-28b">
         <name>.debug_info</name>
         <load_address>0xe933</load_address>
         <run_address>0xe933</run_address>
         <size>0x28b</size>
         <input_file_ref idref="fl-d2"/>
      </object_component>
      <object_component id="oc-1d3">
         <name>.debug_info</name>
         <load_address>0xebbe</load_address>
         <run_address>0xebbe</run_address>
         <size>0x1ab</size>
         <input_file_ref idref="fl-d2"/>
      </object_component>
      <object_component id="oc-321">
         <name>.debug_info</name>
         <load_address>0xed69</load_address>
         <run_address>0xed69</run_address>
         <size>0x29a</size>
         <input_file_ref idref="fl-d3"/>
      </object_component>
      <object_component id="oc-2b5">
         <name>.debug_info</name>
         <load_address>0xf003</load_address>
         <run_address>0xf003</run_address>
         <size>0x242</size>
         <input_file_ref idref="fl-d3"/>
      </object_component>
      <object_component id="oc-2ff">
         <name>.debug_info</name>
         <load_address>0xf245</load_address>
         <run_address>0xf245</run_address>
         <size>0x28f</size>
         <input_file_ref idref="fl-d4"/>
      </object_component>
      <object_component id="oc-284">
         <name>.debug_info</name>
         <load_address>0xf4d4</load_address>
         <run_address>0xf4d4</run_address>
         <size>0x247</size>
         <input_file_ref idref="fl-d4"/>
      </object_component>
      <object_component id="oc-22b">
         <name>.debug_info</name>
         <load_address>0xf71b</load_address>
         <run_address>0xf71b</run_address>
         <size>0x284</size>
         <input_file_ref idref="fl-d5"/>
      </object_component>
      <object_component id="oc-1a7">
         <name>.debug_info</name>
         <load_address>0xf99f</load_address>
         <run_address>0xf99f</run_address>
         <size>0x22a</size>
         <input_file_ref idref="fl-d5"/>
      </object_component>
      <object_component id="oc-328">
         <name>.debug_info</name>
         <load_address>0xfbc9</load_address>
         <run_address>0xfbc9</run_address>
         <size>0x4c5</size>
         <input_file_ref idref="fl-d6"/>
      </object_component>
      <object_component id="oc-366">
         <name>.debug_info</name>
         <load_address>0x1008e</load_address>
         <run_address>0x1008e</run_address>
         <size>0xf8</size>
         <input_file_ref idref="fl-d6"/>
      </object_component>
      <object_component id="oc-325">
         <name>.debug_info</name>
         <load_address>0x10186</load_address>
         <run_address>0x10186</run_address>
         <size>0xf8</size>
         <input_file_ref idref="fl-d6"/>
      </object_component>
      <object_component id="oc-2c2">
         <name>.debug_info</name>
         <load_address>0x1027e</load_address>
         <run_address>0x1027e</run_address>
         <size>0x184</size>
         <input_file_ref idref="fl-d6"/>
      </object_component>
      <object_component id="oc-36c">
         <name>.debug_info</name>
         <load_address>0x10402</load_address>
         <run_address>0x10402</run_address>
         <size>0x120</size>
         <input_file_ref idref="fl-d6"/>
      </object_component>
      <object_component id="oc-371">
         <name>.debug_info</name>
         <load_address>0x10522</load_address>
         <run_address>0x10522</run_address>
         <size>0x2c</size>
         <input_file_ref idref="fl-d6"/>
      </object_component>
      <object_component id="oc-297">
         <name>.debug_info</name>
         <load_address>0x1054e</load_address>
         <run_address>0x1054e</run_address>
         <size>0x27e</size>
         <input_file_ref idref="fl-d7"/>
      </object_component>
      <object_component id="oc-294">
         <name>.debug_info</name>
         <load_address>0x107cc</load_address>
         <run_address>0x107cc</run_address>
         <size>0x103</size>
         <input_file_ref idref="fl-d7"/>
      </object_component>
      <object_component id="oc-1e1">
         <name>.debug_info</name>
         <load_address>0x108cf</load_address>
         <run_address>0x108cf</run_address>
         <size>0x143</size>
         <input_file_ref idref="fl-d7"/>
      </object_component>
      <object_component id="oc-2f0">
         <name>.debug_info</name>
         <load_address>0x10a12</load_address>
         <run_address>0x10a12</run_address>
         <size>0x28f</size>
         <input_file_ref idref="fl-d8"/>
      </object_component>
      <object_component id="oc-278">
         <name>.debug_info</name>
         <load_address>0x10ca1</load_address>
         <run_address>0x10ca1</run_address>
         <size>0x18a</size>
         <input_file_ref idref="fl-d8"/>
      </object_component>
      <object_component id="oc-334">
         <name>.debug_info</name>
         <load_address>0x10e2b</load_address>
         <run_address>0x10e2b</run_address>
         <size>0x39</size>
         <input_file_ref idref="fl-d8"/>
      </object_component>
      <object_component id="oc-2f1">
         <name>.debug_info</name>
         <load_address>0x10e64</load_address>
         <run_address>0x10e64</run_address>
         <size>0x2c</size>
         <input_file_ref idref="fl-d8"/>
      </object_component>
      <object_component id="oc-2fd">
         <name>.debug_info</name>
         <load_address>0x10e90</load_address>
         <run_address>0x10e90</run_address>
         <size>0x2f2</size>
         <input_file_ref idref="fl-d9"/>
      </object_component>
      <object_component id="oc-27e">
         <name>.debug_info</name>
         <load_address>0x11182</load_address>
         <run_address>0x11182</run_address>
         <size>0x21a</size>
         <input_file_ref idref="fl-d9"/>
      </object_component>
      <object_component id="oc-292">
         <name>.debug_info</name>
         <load_address>0x1139c</load_address>
         <run_address>0x1139c</run_address>
         <size>0x284</size>
         <input_file_ref idref="fl-da"/>
      </object_component>
      <object_component id="oc-1d9">
         <name>.debug_info</name>
         <load_address>0x11620</load_address>
         <run_address>0x11620</run_address>
         <size>0x14f</size>
         <input_file_ref idref="fl-da"/>
      </object_component>
      <object_component id="oc-302">
         <name>.debug_info</name>
         <load_address>0x1176f</load_address>
         <run_address>0x1176f</run_address>
         <size>0x46</size>
         <input_file_ref idref="fl-da"/>
      </object_component>
      <object_component id="oc-28d">
         <name>.debug_info</name>
         <load_address>0x117b5</load_address>
         <run_address>0x117b5</run_address>
         <size>0x39</size>
         <input_file_ref idref="fl-da"/>
      </object_component>
      <object_component id="oc-2f7">
         <name>.debug_info</name>
         <load_address>0x117ee</load_address>
         <run_address>0x117ee</run_address>
         <size>0x156</size>
         <input_file_ref idref="fl-db"/>
      </object_component>
      <object_component id="oc-233">
         <name>.debug_info</name>
         <load_address>0x11944</load_address>
         <run_address>0x11944</run_address>
         <size>0x12c</size>
         <input_file_ref idref="fl-dc"/>
      </object_component>
      <object_component id="oc-25a">
         <name>.debug_info</name>
         <load_address>0x11a70</load_address>
         <run_address>0x11a70</run_address>
         <size>0x144</size>
         <input_file_ref idref="fl-dd"/>
      </object_component>
      <object_component id="oc-1b6">
         <name>.debug_info</name>
         <load_address>0x11bb4</load_address>
         <run_address>0x11bb4</run_address>
         <size>0x120</size>
         <input_file_ref idref="fl-de"/>
      </object_component>
      <object_component id="oc-243">
         <name>.debug_info</name>
         <load_address>0x11cd4</load_address>
         <run_address>0x11cd4</run_address>
         <size>0x122</size>
         <input_file_ref idref="fl-de"/>
      </object_component>
      <object_component id="oc-23e">
         <name>.debug_info</name>
         <load_address>0x11df6</load_address>
         <run_address>0x11df6</run_address>
         <size>0x132</size>
         <input_file_ref idref="fl-df"/>
      </object_component>
      <object_component id="oc-23a">
         <name>.debug_info</name>
         <load_address>0x11f28</load_address>
         <run_address>0x11f28</run_address>
         <size>0x132</size>
         <input_file_ref idref="fl-e0"/>
      </object_component>
      <object_component id="oc-249">
         <name>.debug_info</name>
         <load_address>0x1205a</load_address>
         <run_address>0x1205a</run_address>
         <size>0x126</size>
         <input_file_ref idref="fl-e1"/>
      </object_component>
      <object_component id="oc-253">
         <name>.debug_info</name>
         <load_address>0x12180</load_address>
         <run_address>0x12180</run_address>
         <size>0x124</size>
         <input_file_ref idref="fl-e2"/>
      </object_component>
      <object_component id="oc-31f">
         <name>.debug_info</name>
         <load_address>0x122a4</load_address>
         <run_address>0x122a4</run_address>
         <size>0x2f5</size>
         <input_file_ref idref="fl-e3"/>
      </object_component>
      <object_component id="oc-2af">
         <name>.debug_info</name>
         <load_address>0x12599</load_address>
         <run_address>0x12599</run_address>
         <size>0x191</size>
         <input_file_ref idref="fl-e3"/>
      </object_component>
      <object_component id="oc-35a">
         <name>.debug_info</name>
         <load_address>0x1272a</load_address>
         <run_address>0x1272a</run_address>
         <size>0xbf</size>
         <input_file_ref idref="fl-e3"/>
      </object_component>
      <object_component id="oc-323">
         <name>.debug_info</name>
         <load_address>0x127e9</load_address>
         <run_address>0x127e9</run_address>
         <size>0x33c</size>
         <input_file_ref idref="fl-e4"/>
      </object_component>
      <object_component id="oc-2bb">
         <name>.debug_info</name>
         <load_address>0x12b25</load_address>
         <run_address>0x12b25</run_address>
         <size>0x17f</size>
         <input_file_ref idref="fl-e4"/>
      </object_component>
[...]
         <object_component_ref idref="oc-8b"/>
      </symbol>
      <symbol id="sm-268">
         <name>__aeabi_memclr</name>
         <value>0x2af1</value>
         <object_component_ref idref="oc-8b"/>
      </symbol>
      <symbol id="sm-290">
         <name>__TI_auto_init_nobinit_nopinit</name>
         <value>0x33ad</value>
         <object_component_ref idref="oc-10e"/>
      </symbol>
      <symbol id="sm-29a">
         <name>_system_pre_init</name>
         <value>0x37f5</value>
         <object_component_ref idref="oc-91"/>
      </symbol>
      <symbol id="sm-2c1">
         <name>C$$EXIT</name>
         <value>0x37f9</value>
         <object_component_ref idref="oc-102"/>
      </symbol>
      <symbol id="sm-2c2">
         <name>abort</name>
         <value>0x37f9</value>
         <object_component_ref idref="oc-102"/>
      </symbol>
      <symbol id="sm-2c3">
         <name>__TI_dtors_ptr</name>
         <value>0x200005cc</value>
         <object_component_ref idref="oc-185"/>
      </symbol>
      <symbol id="sm-2c4">
         <name>__TI_cleanup_ptr</name>
         <value>0x200005c8</value>
         <object_component_ref idref="oc-185"/>
      </symbol>
      <symbol id="sm-2c5">
         <name>__TI_enable_exit_profile_output</name>
         <value>0x200005d0</value>
         <object_component_ref idref="oc-185"/>
      </symbol>
      <symbol id="sm-2c6">
         <name>exit</name>
         <value>0x3295</value>
         <object_component_ref idref="oc-108"/>
      </symbol>
      <symbol id="sm-2db">
         <name>_nop</name>
         <value>0x15df</value>
         <object_component_ref idref="oc-1f0"/>
      </symbol>
      <symbol id="sm-2dc">
         <name>_lock</name>
         <value>0x200005e0</value>
         <object_component_ref idref="oc-163"/>
      </symbol>
      <symbol id="sm-2dd">
         <name>_unlock</name>
         <value>0x200005e4</value>
         <object_component_ref idref="oc-163"/>
      </symbol>
      <symbol id="sm-447">
         <name>__TI_printfi</name>
         <value>0xb81</value>
         <object_component_ref idref="oc-15d"/>
      </symbol>
      <symbol id="sm-45e">
         <name>atoi</name>
         <value>0x3249</value>
         <object_component_ref idref="oc-1a9"/>
      </symbol>
      <symbol id="sm-469">
         <name>_ctypes_</name>
         <value>0x37fc</value>
         <object_component_ref idref="oc-22c"/>
      </symbol>
      <symbol id="sm-47e">
         <name>__TI_tmpnams</name>
         <value>0x20000710</value>
      </symbol>
      <symbol id="sm-47f">
         <name>__aeabi_stdout</name>
         <value>0x200005c0</value>
         <object_component_ref idref="oc-397"/>
      </symbol>
      <symbol id="sm-480">
         <name>__aeabi_stderr</name>
         <value>0x200005c4</value>
         <object_component_ref idref="oc-397"/>
      </symbol>
      <symbol id="sm-481">
         <name>__aeabi_stdin</name>
         <value>0x200005bc</value>
         <object_component_ref idref="oc-397"/>
      </symbol>
      <symbol id="sm-482">
         <name>_ftable</name>
         <value>0x20000400</value>
         <object_component_ref idref="oc-166"/>
      </symbol>
      <symbol id="sm-483">
         <name>__TI_ft_end</name>
         <value>0x200005b8</value>
         <object_component_ref idref="oc-397"/>
      </symbol>
      <symbol id="sm-498">
         <name>putc</name>
         <value>0x2959</value>
         <object_component_ref idref="oc-205"/>
      </symbol>
      <symbol id="sm-499">
         <name>fputc</name>
         <value>0x2959</value>
         <object_component_ref idref="oc-205"/>
      </symbol>
      <symbol id="sm-4b7">
         <name>fputs</name>
         <value>0x22a1</value>
         <object_component_ref idref="oc-1fe"/>
      </symbol>
      <symbol id="sm-4c6">
         <name>ltoa</name>
         <value>0x3157</value>
         <object_component_ref idref="oc-24c"/>
      </symbol>
      <symbol id="sm-4d6">
         <name>memccpy</name>
         <value>0x371d</value>
         <object_component_ref idref="oc-1d2"/>
      </symbol>
      <symbol id="sm-4e6">
         <name>memchr</name>
         <value>0x36fd</value>
         <object_component_ref idref="oc-2b4"/>
      </symbol>
      <symbol id="sm-4f6">
         <name>strchr</name>
         <value>0x3751</value>
         <object_component_ref idref="oc-283"/>
      </symbol>
      <symbol id="sm-504">
         <name>strlen</name>
         <value>0x378f</value>
         <object_component_ref idref="oc-1a3"/>
      </symbol>
      <symbol id="sm-52a">
         <name>_stream</name>
         <value>0x20000568</value>
         <object_component_ref idref="oc-324"/>
      </symbol>
      <symbol id="sm-52b">
         <name>_device</name>
         <value>0x200004f0</value>
         <object_component_ref idref="oc-365"/>
      </symbol>
      <symbol id="sm-52c">
         <name>write</name>
         <value>0x36d5</value>
         <object_component_ref idref="oc-2c0"/>
      </symbol>
      <symbol id="sm-542">
         <name>__aeabi_errno_addr</name>
         <value>0x37e5</value>
         <object_component_ref idref="oc-1de"/>
      </symbol>
      <symbol id="sm-543">
         <name>errno</name>
         <value>0x200005e8</value>
         <object_component_ref idref="oc-293"/>
      </symbol>
      <symbol id="sm-563">
         <name>frexpl</name>
         <value>0x2e69</value>
         <object_component_ref idref="oc-277"/>
      </symbol>
      <symbol id="sm-564">
         <name>frexp</name>
         <value>0x2e69</value>
         <object_component_ref idref="oc-277"/>
      </symbol>
      <symbol id="sm-581">
         <name>scalbn</name>
         <value>0x23b5</value>
         <object_component_ref idref="oc-27d"/>
      </symbol>
      <symbol id="sm-582">
         <name>scalbnl</name>
         <value>0x23b5</value>
         <object_component_ref idref="oc-27d"/>
      </symbol>
      <symbol id="sm-583">
         <name>ldexpl</name>
         <value>0x23b5</value>
         <object_component_ref idref="oc-27d"/>
      </symbol>
      <symbol id="sm-584">
         <name>ldexp</name>
         <value>0x23b5</value>
         <object_component_ref idref="oc-27d"/>
      </symbol>
      <symbol id="sm-59d">
         <name>wcslen</name>
         <value>0x37b5</value>
         <object_component_ref idref="oc-1d8"/>
      </symbol>
      <symbol id="sm-5a7">
         <name>copysign</name>
         <value>0x3767</value>
         <object_component_ref idref="oc-2f6"/>
      </symbol>
      <symbol id="sm-5a8">
         <name>copysignl</name>
         <value>0x3767</value>
         <object_component_ref idref="oc-2f6"/>
      </symbol>
      <symbol id="sm-5b5">
         <name>__aeabi_uldivmod</name>
         <value>0x28c3</value>
         <object_component_ref idref="oc-231"/>
      </symbol>
      <symbol id="sm-5cc">
         <name>__aeabi_dsub</name>
         <value>0x1d55</value>
         <object_component_ref idref="oc-257"/>
      </symbol>
      <symbol id="sm-5cd">
         <name>__aeabi_dadd</name>
         <value>0x1d5f</value>
         <object_component_ref idref="oc-257"/>
      </symbol>
      <symbol id="sm-5ef">
         <name>__aeabi_cdcmpeq</name>
         <value>0x29e5</value>
         <object_component_ref idref="oc-1b5"/>
      </symbol>
      <symbol id="sm-5f0">
         <name>__aeabi_cdcmple</name>
         <value>0x29e5</value>
         <object_component_ref idref="oc-1b5"/>
      </symbol>
      <symbol id="sm-5f1">
         <name>__aeabi_cdrcmple</name>
         <value>0x2a6b</value>
         <object_component_ref idref="oc-242"/>
      </symbol>
      <symbol id="sm-605">
         <name>__aeabi_ddiv</name>
         <value>0x2049</value>
         <object_component_ref idref="oc-23d"/>
      </symbol>
      <symbol id="sm-610">
         <name>__aeabi_dmul</name>
         <value>0x24c5</value>
         <object_component_ref idref="oc-238"/>
      </symbol>
      <symbol id="sm-61a">
         <name>__aeabi_d2iz</name>
         <value>0x32dd</value>
         <object_component_ref idref="oc-247"/>
      </symbol>
      <symbol id="sm-624">
         <name>__aeabi_i2d</name>
         <value>0x3629</value>
         <object_component_ref idref="oc-252"/>
      </symbol>
      <symbol id="sm-63c">
         <name>__TI_wrt_ok</name>
         <value>0x2f31</value>
         <object_component_ref idref="oc-2ae"/>
      </symbol>
      <symbol id="sm-64c">
         <name>__TI_doflush</name>
         <value>0x31fd</value>
         <object_component_ref idref="oc-2ba"/>
      </symbol>
      <symbol id="sm-65e">
         <name>fseek</name>
         <value>0x2ecd</value>
         <object_component_ref idref="oc-312"/>
      </symbol>
      <symbol id="sm-66e">
         <name>lseek</name>
         <value>0x3685</value>
         <object_component_ref idref="oc-33e"/>
      </symbol>
      <symbol id="sm-68a">
         <name>setvbuf</name>
         <value>0x25c1</value>
         <object_component_ref idref="oc-318"/>
      </symbol>
      <symbol id="sm-69b">
         <name>HOSTclose</name>
         <value>0x3325</value>
         <object_component_ref idref="oc-3a3"/>
      </symbol>
      <symbol id="sm-6ac">
         <name>HOSTlseek</name>
         <value>0x2cc9</value>
         <object_component_ref idref="oc-3b5"/>
      </symbol>
      <symbol id="sm-6be">
         <name>parmbuf</name>
         <value>0x200007b0</value>
      </symbol>
      <symbol id="sm-6bf">
         <name>HOSTopen</name>
         <value>0x2f95</value>
         <object_component_ref idref="oc-39d"/>
      </symbol>
      <symbol id="sm-6d0">
         <name>HOSTread</name>
         <value>0x3051</value>
         <object_component_ref idref="oc-3a9"/>
      </symbol>
      <symbol id="sm-6e1">
         <name>HOSTrename</name>
         <value>0x2d31</value>
         <object_component_ref idref="oc-3c1"/>
      </symbol>
      <symbol id="sm-6f2">
         <name>HOSTunlink</name>
         <value>0x3369</value>
         <object_component_ref idref="oc-3bb"/>
      </symbol>
      <symbol id="sm-703">
         <name>HOSTwrite</name>
         <value>0x30a9</value>
         <object_component_ref idref="oc-3af"/>
      </symbol>
      <symbol id="sm-727">
         <name>__TI_readmsg</name>
         <value>0x35c5</value>
         <object_component_ref idref="oc-3e7"/>
      </symbol>
      <symbol id="sm-728">
         <name>C$$IO$$</name>
         <value>0x34df</value>
         <object_component_ref idref="oc-3e1"/>
      </symbol>
      <symbol id="sm-729">
         <name>__CIOBUF_</name>
         <value>0x200005f0</value>
         <object_component_ref idref="oc-40f"/>
      </symbol>
      <symbol id="sm-72a">
         <name>__TI_writemsg</name>
         <value>0x34b1</value>
         <object_component_ref idref="oc-3e1"/>
      </symbol>
      <symbol id="sm-734">
         <name>__aeabi_idiv0</name>
         <value>0x1f0b</value>
         <object_component_ref idref="oc-2dd"/>
      </symbol>
      <symbol id="sm-735">
         <name>__aeabi_ldiv0</name>
         <value>0x1f0b</value>
         <object_component_ref idref="oc-2dd"/>
      </symbol>
      <symbol id="sm-7b0">
         <name>_sys_memory</name>
         <value>0x20000000</value>
         <object_component_ref idref="oc-29"/>
      </symbol>
      <symbol id="sm-7b1">
         <name>free</name>
         <value>0x269d</value>
         <object_component_ref idref="oc-346"/>
      </symbol>
      <symbol id="sm-7b2">
         <name>malloc</name>
         <value>0x2b6d</value>
         <object_component_ref idref="oc-34c"/>
      </symbol>
      <symbol id="sm-7b3">
         <name>minit</name>
         <value>0x3521</value>
         <object_component_ref idref="oc-37a"/>
      </symbol>
      <symbol id="sm-7c3">
         <name>__TI_cleanup</name>
         <value>0x3591</value>
         <object_component_ref idref="oc-352"/>
      </symbol>
      <symbol id="sm-7d2">
         <name>strcpy</name>
         <value>0x377b</value>
         <object_component_ref idref="oc-3fb"/>
      </symbol>
      <symbol id="sm-7e7">
         <name>__TI_closefile</name>
         <value>0x2be5</value>
         <object_component_ref idref="oc-391"/>
      </symbol>
      <symbol id="sm-80a">
         <name>finddevice</name>
         <value>0x35f9</value>
         <object_component_ref idref="oc-42d"/>
      </symbol>
      <symbol id="sm-80b">
         <name>getdevice</name>
         <value>0x33f1</value>
         <object_component_ref idref="oc-405"/>
      </symbol>
      <symbol id="sm-81b">
         <name>strcmp</name>
         <value>0x3739</value>
         <object_component_ref idref="oc-444"/>
      </symbol>
      <symbol id="sm-82b">
         <name>strncpy</name>
         <value>0x3559</value>
         <object_component_ref idref="oc-427"/>
      </symbol>
      <symbol id="sm-83b">
         <name>unlink</name>
         <value>0x3659</value>
         <object_component_ref idref="oc-3d6"/>
      </symbol>
      <symbol id="sm-84f">
         <name>close</name>
         <value>0x2ff5</value>
         <object_component_ref idref="oc-3d0"/>
      </symbol>
      <symbol id="sm-850">
         <name>__TI_static_base__</name>
         <value>0x0</value>
      </symbol>
      <symbol id="sm-853">
         <name>__mpu_init</name>
         <value>0x0</value>
      </symbol>
      <symbol id="sm-854">
         <name>_system_post_cinit</name>
         <value>0x0</value>
      </symbol>
      <symbol id="sm-855">
         <name>NMI_Handler</name>
         <value>0x37e1</value>
      </symbol>
      <symbol id="sm-856">
         <name>HardFault_Handler</name>
         <value>0x37e1</value>
      </symbol>
      <symbol id="sm-857">
         <name>MemManage_Handler</name>
         <value>0x37e1</value>
      </symbol>
      <symbol id="sm-858">
         <name>BusFault_Handler</name>
         <value>0x37e1</value>
      </symbol>
      <symbol id="sm-859">
         <name>UsageFault_Handler</name>
         <value>0x37e1</value>
      </symbol>
      <symbol id="sm-85a">
         <name>SVC_Handler</name>
         <value>0x37e1</value>
      </symbol>
      <symbol id="sm-85b">
         <name>DebugMon_Handler</name>
         <value>0x37e1</value>
      </symbol>
      <symbol id="sm-85c">
         <name>PendSV_Handler</name>
         <value>0x37e1</value>
      </symbol>
      <symbol id="sm-85d">
         <name>SysTick_Handler</name>
         <value>0x37e1</value>
      </symbol>
      <symbol id="sm-85e">
         <name>PSS_IRQHandler</name>
         <value>0x37e1</value>
      </symbol>
      <symbol id="sm-85f">
         <name>CS_IRQHandler</name>
         <value>0x37e1</value>
      </symbol>
      <symbol id="sm-860">
         <name>PCM_IRQHandler</name>
         <value>0x37e1</value>
      </symbol>
      <symbol id="sm-861">
         <name>WDT_A_IRQHandler</name>
         <value>0x37e1</value>
      </symbol>
      <symbol id="sm-862">
         <name>FPU_IRQHandler</name>
         <value>0x37e1</value>
      </symbol>
      <symbol id="sm-863">
         <name>FLCTL_IRQHandler</name>
         <value>0x37e1</value>
      </symbol>
      <symbol id="sm-864">
         <name>COMP_E0_IRQHandler</name>
         <value>0x37e1</value>
      </symbol>
      <symbol id="sm-865">
         <name>COMP_E1_IRQHandler</name>
         <value>0x37e1</value>
      </symbol>
      <symbol id="sm-866">
         <name>TA0_0_IRQHandler</name>
         <value>0x37e1</value>
      </symbol>
      <symbol id="sm-867">
         <name>TA0_N_IRQHandler</name>
         <value>0x37e1</value>
      </symbol>
      <symbol id="sm-868">
         <name>TA1_0_IRQHandler</name>
         <value>0x37e1</value>
      </symbol>
      <symbol id="sm-869">
         <name>TA1_N_IRQHandler</name>
         <value>0x37e1</value>
      </symbol>
      <symbol id="sm-86a">
         <name>TA2_0_IRQHandler</name>
         <value>0x37e1</value>
      </symbol>
      <symbol id="sm-86b">
         <name>TA2_N_IRQHandler</name>
         <value>0x37e1</value>
      </symbol>
      <symbol id="sm-86c">
         <name>TA3_0_IRQHandler</name>
         <value>0x37e1</value>
      </symbol>
      <symbol id="sm-86d">
         <name>TA3_N_IRQHandler</name>
         <value>0x37e1</value>
      </symbol>
      <symbol id="sm-86e">
         <name>EUSCIA0_IRQHandler</name>
         <value>0x37e1</value>
      </symbol>
      <symbol id="sm-86f">
         <name>EUSCIA1_IRQHandler</name>
         <value>0x37e1</value>
      </symbol>
      <symbol id="sm-870">
         <name>EUSCIA2_IRQHandler</name>
         <value>0x37e1</value>
      </symbol>
      <symbol id="sm-871">
         <name>EUSCIA3_IRQHandler</name>
         <value>0x37e1</value>
      </symbol>
      <symbol id="sm-872">
         <name>EUSCIB0_IRQHandler</name>
         <value>0x37e1</value>
      </symbol>
      <symbol id="sm-873">
         <name>EUSCIB1_IRQHandler</name>
         <value>0x37e1</value>
      </symbol>
      <symbol id="sm-874">
         <name>EUSCIB2_IRQHandler</name>
         <value>0x37e1</value>
      </symbol>
      <symbol id="sm-875">
         <name>EUSCIB3_IRQHandler</name>
         <value>0x37e1</value>
      </symbol>
      <symbol id="sm-876">
         <name>ADC14_IRQHandler</name>
         <value>0x37e1</value>
      </symbol>
      <symbol id="sm-877">
         <name>T32_INT1_IRQHandler</name>
         <value>0x37e1</value>
      </symbol>
      <symbol id="sm-878">
         <name>T32_INT2_IRQHandler</name>
         <value>0x37e1</value>
      </symbol>
      <symbol id="sm-879">
         <name>T32_INTC_IRQHandler</name>
         <value>0x37e1</value>
      </symbol>
      <symbol id="sm-87a">
         <name>AES256_IRQHandler</name>
         <value>0x37e1</value>
      </symbol>
      <symbol id="sm-87b">
         <name>RTC_C_IRQHandler</name>
         <value>0x37e1</value>
      </symbol>
      <symbol id="sm-87c">
         <name>DMA_ERR_IRQHandler</name>
         <value>0x37e1</value>
      </symbol>
      <symbol id="sm-87d">
         <name>DMA_INT3_IRQHandler</name>
         <value>0x37e1</value>
      </symbol>
      <symbol id="sm-87e">
         <name>DMA_INT2_IRQHandler</name>
         <value>0x37e1</value>
      </symbol>
      <symbol id="sm-87f">
         <name>DMA_INT1_IRQHandler</name>
         <value>0x37e1</value>
      </symbol>
      <symbol id="sm-880">
         <name>DMA_INT0_IRQHandler</name>
         <value>0x37e1</value>
      </symbol>
      <symbol id="sm-881">
         <name>PORT1_IRQHandler</name>
         <value>0x37e1</value>
      </symbol>
      <symbol id="sm-882">
         <name>PORT2_IRQHandler</name>
         <value>0x37e1</value>
      </symbol>
      <symbol id="sm-883">
         <name>PORT3_IRQHandler</name>
         <value>0x37e1</value>
      </symbol>
      <symbol id="sm-884">
         <name>PORT4_IRQHandler</name>
         <value>0x37e1</value>
      </symbol>
      <symbol id="sm-885">
         <name>PORT5_IRQHandler</name>
         <value>0x37e1</value>
      </symbol>
      <symbol id="sm-886">
         <name>PORT6_IRQHandler</name>
         <value>0x37e1</value>
      </symbol>
      <symbol id="sm-887">
         <name>remove</name>
         <value>0x3659</value>
      </symbol>
   </symbol_table>
   <title>Link successful</title>
</link_info>
